Archive member included to satisfy reference by file (symbol)

C:/devkitPro/libctru/lib\libctru.a(initArgv.o)
                              c:/devkitpro/devkitarm/bin/../lib/gcc/arm-none-eabi/12.1.0/../../../../arm-none-eabi/lib/armv6k/fpu/3dsx_crt0.o (__system_argc)
C:/devkitPro/libctru/lib\libctru.a(stack_adjust.o)
                              c:/devkitpro/devkitarm/bin/../lib/gcc/arm-none-eabi/12.1.0/../../../../arm-none-eabi/lib/armv6k/fpu/3dsx_crt0.o (initSystem)
C:/devkitPro/libctru/lib\libctru.a(3dslink.o)
                              C:/devkitPro/libctru/lib\libctru.a(initArgv.o) (__3dslink_host)
C:/devkitPro/libctru/lib\libctru.a(soc_socket.o)
                              C:/devkitPro/libctru/lib\libctru.a(3dslink.o) (socket)
C:/devkitPro/libctru/lib\libctru.a(soc_connect.o)
                              C:/devkitPro/libctru/lib\libctru.a(3dslink.o) (connect)
C:/devkitPro/libctru/lib\libctru.a(soc_common.o)
                              C:/devkitPro/libctru/lib\libctru.a(soc_socket.o) (_net_convert_error)
C:/devkitPro/libctru/lib\libctru.a(appInit.o)
                              C:/devkitPro/libctru/lib\libctru.a(stack_adjust.o) (__appInit)
C:/devkitPro/libctru/lib\libctru.a(appExit.o)
                              C:/devkitPro/libctru/lib\libctru.a(stack_adjust.o) (__appExit)
C:/devkitPro/libctru/lib\libctru.a(ctru_init.o)
                              C:/devkitPro/libctru/lib\libctru.a(stack_adjust.o) (__libctru_init)
C:/devkitPro/libctru/lib\libctru.a(ctru_exit.o)
                              C:/devkitPro/libctru/lib\libctru.a(stack_adjust.o) (__libctru_exit)
C:/devkitPro/libctru/lib\libctru.a(svc.o)
                              C:/devkitPro/libctru/lib\libctru.a(ctru_exit.o) (svcControlMemory)
C:/devkitPro/libctru/lib\libctru.a(synchronization.o)
                              C:/devkitPro/libctru/lib\libctru.a(ctru_init.o) (__sync_init)
C:/devkitPro/libctru/lib\libctru.a(env.o)
                              C:/devkitPro/libctru/lib\libctru.a(ctru_exit.o) (envDestroyHandles)
C:/devkitPro/libctru/lib\libctru.a(srv.o)
                              C:/devkitPro/libctru/lib\libctru.a(appInit.o) (srvInit)
C:/devkitPro/libctru/lib\libctru.a(archive_dev.o)
                              C:/devkitPro/libctru/lib\libctru.a(appInit.o) (archiveMountSdmc)
C:/devkitPro/libctru/lib\libctru.a(apt.o)
                              C:/devkitPro/libctru/lib\libctru.a(appExit.o) (aptExit)
C:/devkitPro/libctru/lib\libctru.a(hid.o)
                              C:/devkitPro/libctru/lib\libctru.a(appInit.o) (hidInit)
C:/devkitPro/libctru/lib\libctru.a(srvpm.o)
                              C:/devkitPro/libctru/lib\libctru.a(srv.o) (srvPmGetSessionHandle)
C:/devkitPro/libctru/lib\libctru.a(fs.o)
                              C:/devkitPro/libctru/lib\libctru.a(appInit.o) (fsInit)
C:/devkitPro/libctru/lib\libctru.a(utf16_to_utf8.o)
                              C:/devkitPro/libctru/lib\libctru.a(archive_dev.o) (utf16_to_utf8)
C:/devkitPro/libctru/lib\libctru.a(decode_utf16.o)
                              C:/devkitPro/libctru/lib\libctru.a(utf16_to_utf8.o) (decode_utf16)
C:/devkitPro/libctru/lib\libctru.a(decode_utf8.o)
                              C:/devkitPro/libctru/lib\libctru.a(archive_dev.o) (decode_utf8)
C:/devkitPro/libctru/lib\libctru.a(utf8_to_utf16.o)
                              C:/devkitPro/libctru/lib\libctru.a(archive_dev.o) (utf8_to_utf16)
C:/devkitPro/libctru/lib\libctru.a(syscalls.o)
                              C:/devkitPro/libctru/lib\libctru.a(ctru_init.o) (__system_initSyscalls)
C:/devkitPro/libctru/lib\libctru.a(allocateHeaps.o)
                              C:/devkitPro/libctru/lib\libctru.a(ctru_init.o) (__system_allocateHeaps)
C:/devkitPro/libctru/lib\libctru.a(readtp.o)
                              C:/devkitPro/libctru/lib\libctru.a(archive_dev.o) (__aeabi_read_tp)
C:/devkitPro/libctru/lib\libctru.a(os.o)
                              C:/devkitPro/libctru/lib\libctru.a(syscalls.o) (osGetTime)
C:/devkitPro/libctru/lib\libctru.a(path_buf.o)
                              C:/devkitPro/libctru/lib\libctru.a(archive_dev.o) (__ctru_dev_utf16_buf)
C:/devkitPro/libctru/lib\libctru.a(thread.o)
                              C:/devkitPro/libctru/lib\libctru.a(apt.o) (threadCreate)
C:/devkitPro/libctru/lib\libctru.a(mappable.o)
                              C:/devkitPro/libctru/lib\libctru.a(allocateHeaps.o) (mappableInit)
C:/devkitPro/libctru/lib\libctru.a(irrst.o)
                              C:/devkitPro/libctru/lib\libctru.a(hid.o) (irrstInit)
C:/devkitPro/libctru/lib\libctru.a(gspgpu.o)
                              C:/devkitPro/libctru/lib\libctru.a(apt.o) (GSPGPU_SetLcdForceBlack)
C:/devkitPro/libctru/lib\libctru.a(ptmsysm.o)
                              C:/devkitPro/libctru/lib\libctru.a(os.o) (ptmSysmInit)
C:/devkitPro/libctru/lib\libctru.a(encode_utf16.o)
[...]
Memory Configuration

Name             Origin             Length             Attributes
*default*        0x0000000000000000 0xffffffffffffffff

Linker script and memory map

                0x0000000000100000                PROVIDE (__start__ = 0x100000)
                0x0000000000100000                . = __start__

.text           0x0000000000100000    0x3e7d8
 *(.crt0)
 .crt0          0x0000000000100000       0x94 c:/devkitpro/devkitarm/bin/../lib/gcc/arm-none-eabi/12.1.0/../../../../arm-none-eabi/lib/armv6k/fpu/3dsx_crt0.o
                0x0000000000100000                _start
                0x0000000000100008                __service_ptr
                0x000000000010000c                __apt_appid
                0x0000000000100010                __heap_size
                0x0000000000100014                __linear_heap_size
                0x0000000000100018                __system_arglist
                0x000000000010001c                __system_runflags
 *(.init)
 .init          0x0000000000100094        0xc c:/devkitpro/devkitarm/bin/../lib/gcc/arm-none-eabi/12.1.0/armv6k/fpu/crti.o
                0x0000000000100094                _init
 .init          0x00000000001000a0        0xc c:/devkitpro/devkitarm/bin/../lib/gcc/arm-none-eabi/12.1.0/armv6k/fpu/crtn.o
                0x00000000001000ac                . = ALIGN (0x4)
 *(.text)
 .text          0x00000000001000ac      0x20c c:/devkitpro/devkitarm/bin/../lib/gcc/arm-none-eabi/12.1.0/armv6k/fpu\libgcc.a(_udivsi3.o)
                0x00000000001000ac                __aeabi_uidiv
                0x00000000001000ac                __udivsi3
                0x0000000000100298                __aeabi_uidivmod
 .text          0x00000000001002b8      0x240 c:/devkitpro/devkitarm/bin/../lib/gcc/arm-none-eabi/12.1.0/armv6k/fpu\libgcc.a(_divsi3.o)
                0x00000000001002b8                __divsi3
                0x00000000001002b8                __aeabi_idiv
                0x00000000001004d8                __aeabi_idivmod
 .text          0x00000000001004f8        0x4 c:/devkitpro/devkitarm/bin/../lib/gcc/arm-none-eabi/12.1.0/armv6k/fpu\libgcc.a(_dvmd_tls.o)
                0x00000000001004f8                __aeabi_idiv0
                0x00000000001004f8                __aeabi_ldiv0
 .text          0x00000000001004fc       0x3c c:/devkitpro/devkitarm/bin/../lib/gcc/arm-none-eabi/12.1.0/armv6k/fpu\libgcc.a(_aeabi_uldivmod.o)
                0x00000000001004fc                __aeabi_uldivmod
 *fill*         0x0000000000100538        0x8 
 .text          0x0000000000100540      0x390 c:/devkitpro/devkitarm/bin/../lib/gcc/arm-none-eabi/12.1.0/../../../../arm-none-eabi/lib/armv6k/fpu\libg.a(lib_a-strcmp.o)
                0x0000000000100548                strcmp
 .text          0x00000000001008d0      0x3c0 c:/devkitpro/devkitarm/bin/../lib/gcc/arm-none-eabi/12.1.0/armv6k/fpu\libgcc.a(_arm_addsubdf3.o)
                0x00000000001008d0                __aeabi_drsub
                0x00000000001008d8                __aeabi_dsub
                0x00000000001008d8                __subdf3
                0x00000000001008dc                __aeabi_dadd
                0x00000000001008dc                __adddf3
                0x0000000000100b88                __floatunsidf
                0x0000000000100b88                __aeabi_ui2d
                0x0000000000100bac                __floatsidf
                0x0000000000100bac                __aeabi_i2d
                0x0000000000100bd4                __aeabi_f2d
                0x0000000000100bd4                __extendsfdf2
                0x0000000000100c1c                __floatundidf
                0x0000000000100c1c                __aeabi_ul2d
                0x0000000000100c30                __floatdidf
                0x0000000000100c30                __aeabi_l2d
 *(.text.*)
 .text.__do_global_dtors_aux
                0x0000000000100c90       0x40 c:/devkitpro/devkitarm/bin/../lib/gcc/arm-none-eabi/12.1.0/armv6k/fpu/crtbegin.o
 .text.frame_dummy
                0x0000000000100cd0       0x2c c:/devkitpro/devkitarm/bin/../lib/gcc/arm-none-eabi/12.1.0/armv6k/fpu/crtbegin.o
 .text.__system_initArgv
                0x0000000000100cfc      0x170 C:/devkitPro/libctru/lib\libctru.a(initArgv.o)
                0x0000000000100cfc                __system_initArgv
 .text.initSystem
                0x0000000000100e6c       0x50 C:/devkitPro/libctru/lib\libctru.a(stack_adjust.o)
                0x0000000000100e6c                initSystem
 .text.__ctru_exit
                0x0000000000100ebc       0x18 C:/devkitPro/libctru/lib\libctru.a(stack_adjust.o)
                0x0000000000100ebc                __ctru_exit
 .text.__appInit
                0x0000000000100ed4       0x30 C:/devkitPro/libctru/lib\libctru.a(appInit.o)
                0x0000000000100ed4                __appInit
 .text.__appExit
                0x0000000000100f04       0x30 C:/devkitPro/libctru/lib\libctru.a(appExit.o)
                0x0000000000100f04                __appExit
 .text.__libctru_init
                0x0000000000100f34       0x38 C:/devkitPro/libctru/lib\libctru.a(ctru_init.o)
                0x0000000000100f34                __libctru_init
 .text.__libctru_exit
                0x0000000000100f6c       0x90 C:/devkitPro/libctru/lib\libctru.a(ctru_exit.o)
                0x0000000000100f6c                __libctru_exit
 .text.svcControlMemory
                0x0000000000100ffc       0x20 C:/devkitPro/libctru/lib\libctru.a(svc.o)
                0x0000000000100ffc                svcControlMemory
 .text.svcQueryMemory
                0x000000000010101c       0x30 C:/devkitPro/libctru/lib\libctru.a(svc.o)
                0x000000000010101c                svcQueryMemory
 .text.svcExitProcess
                0x000000000010104c        0x8 C:/devkitPro/libctru/lib\libctru.a(svc.o)
                0x000000000010104c                svcExitProcess
 .text.svcCreateThread
                0x0000000000101054       0x20 C:/devkitPro/libctru/lib\libctru.a(svc.o)
                0x0000000000101054                svcCreateThread
 .text.svcExitThread
                0x0000000000101074        0x8 C:/devkitPro/libctru/lib\libctru.a(svc.o)
                0x0000000000101074                svcExitThread
 .text.svcSleepThread
                0x000000000010107c        0x8 C:/devkitPro/libctru/lib\libctru.a(svc.o)
                0x000000000010107c                svcSleepThread
 .text.svcGetThreadPriority
                0x0000000000101084       0x14 C:/devkitPro/libctru/lib\libctru.a(svc.o)
                0x0000000000101084                svcGetThreadPriority
 .text.svcReleaseMutex
                0x0000000000101098        0x8 C:/devkitPro/libctru/lib\libctru.a(svc.o)
                0x0000000000101098                svcReleaseMutex
 .text.svcCreateEvent
                0x00000000001010a0       0x14 C:/devkitPro/libctru/lib\libctru.a(svc.o)
                0x00000000001010a0                svcCreateEvent
 .text.svcSignalEvent
                0x00000000001010b4        0x8 C:/devkitPro/libctru/lib\libctru.a(svc.o)
                0x00000000001010b4                svcSignalEvent
 .text.svcClearEvent
                0x00000000001010bc        0x8 C:/devkitPro/libctru/lib\libctru.a(svc.o)
                0x00000000001010bc                svcClearEvent
 .text.svcMapMemoryBlock
                0x00000000001010c4        0x8 C:/devkitPro/libctru/lib\libctru.a(svc.o)
                0x00000000001010c4                svcMapMemoryBlock
 .text.svcUnmapMemoryBlock
                0x00000000001010cc        0x8 C:/devkitPro/libctru/lib\libctru.a(svc.o)
                0x00000000001010cc                svcUnmapMemoryBlock
 .text.svcCreateAddressArbiter
                0x00000000001010d4       0x14 C:/devkitPro/libctru/lib\libctru.a(svc.o)
                0x00000000001010d4                svcCreateAddressArbiter
 .text.svcArbitrateAddressNoTimeout
                0x00000000001010e8        0x8 C:/devkitPro/libctru/lib\libctru.a(svc.o)
                0x00000000001010e8                svcArbitrateAddressNoTimeout
 .text.svcCloseHandle
                0x00000000001010f0        0x8 C:/devkitPro/libctru/lib\libctru.a(svc.o)
                0x00000000001010f0                svcCloseHandle
 .text.svcWaitSynchronization
                0x00000000001010f8        0x8 C:/devkitPro/libctru/lib\libctru.a(svc.o)
                0x00000000001010f8                svcWaitSynchronization
 .text.svcWaitSynchronizationN
                0x0000000000101100       0x28 C:/devkitPro/libctru/lib\libctru.a(svc.o)
                0x0000000000101100                svcWaitSynchronizationN
 .text.svcDuplicateHandle
                0x0000000000101128       0x14 C:/devkitPro/libctru/lib\libctru.a(svc.o)
                0x0000000000101128                svcDuplicateHandle
 .text.svcGetSystemTick
                0x000000000010113c        0x8 C:/devkitPro/libctru/lib\libctru.a(svc.o)
                0x000000000010113c                svcGetSystemTick
 .text.svcConnectToPort
                0x0000000000101144       0x14 C:/devkitPro/libctru/lib\libctru.a(svc.o)
                0x0000000000101144                svcConnectToPort
 .text.svcSendSyncRequest
                0x0000000000101158        0x8 C:/devkitPro/libctru/lib\libctru.a(svc.o)
                0x0000000000101158                svcSendSyncRequest
 .text.svcGetThreadId
                0x0000000000101160       0x14 C:/devkitPro/libctru/lib\libctru.a(svc.o)
                0x0000000000101160                svcGetThreadId
 .text.svcGetResourceLimit
                0x0000000000101174       0x14 C:/devkitPro/libctru/lib\libctru.a(svc.o)
                0x0000000000101174                svcGetResourceLimit
 .text.svcGetResourceLimitLimitValues
                0x0000000000101188        0x8 C:/devkitPro/libctru/lib\libctru.a(svc.o)
                0x0000000000101188                svcGetResourceLimitLimitValues
 .text.svcGetResourceLimitCurrentValues
                0x0000000000101190        0x8 C:/devkitPro/libctru/lib\libctru.a(svc.o)
                0x0000000000101190                svcGetResourceLimitCurrentValues
 .text.svcBreak
                0x0000000000101198        0x8 C:/devkitPro/libctru/lib\libctru.a(svc.o)
                0x0000000000101198                svcBreak
 .text.__sync_init
                0x00000000001011a0        0xc C:/devkitPro/libctru/lib\libctru.a(synchronization.o)
                0x00000000001011a0                __sync_init
 .text.__sync_fini
                0x00000000001011ac       0x18 C:/devkitPro/libctru/lib\libctru.a(synchronization.o)
                0x00000000001011ac                __sync_fini
 .text.syncArbitrateAddress
                0x00000000001011c4       0x2c C:/devkitPro/libctru/lib\libctru.a(synchronization.o)
                0x00000000001011c4                syncArbitrateAddress
 .text.LightLock_Init
                0x00000000001011f0       0x1c C:/devkitPro/libctru/lib\libctru.a(synchronization.o)
                0x00000000001011f0                LightLock_Init
 .text.LightLock_Lock
                0x000000000010120c       0xb0 C:/devkitPro/libctru/lib\libctru.a(synchronization.o)
                0x000000000010120c                LightLock_Lock
 .text.LightLock_Unlock
                0x00000000001012bc       0x40 C:/devkitPro/libctru/lib\libctru.a(synchronization.o)
                0x00000000001012bc                LightLock_Unlock
 .text.RecursiveLock_Init
                0x00000000001012fc       0x24 C:/devkitPro/libctru/lib\libctru.a(synchronization.o)
                0x00000000001012fc                RecursiveLock_Init
 .text.RecursiveLock_Lock
                0x0000000000101320       0x30 C:/devkitPro/libctru/lib\libctru.a(synchronization.o)
                0x0000000000101320                RecursiveLock_Lock
 .text.RecursiveLock_Unlock
                0x0000000000101350       0x54 C:/devkitPro/libctru/lib\libctru.a(synchronization.o)
                0x0000000000101350                RecursiveLock_Unlock
 .text.CondVar_Init
                0x00000000001013a4        0xc C:/devkitPro/libctru/lib\libctru.a(synchronization.o)
                0x00000000001013a4                CondVar_Init
 .text.CondVar_Wait
                0x00000000001013b0       0x84 C:/devkitPro/libctru/lib\libctru.a(synchronization.o)
                0x00000000001013b0                CondVar_Wait
 .text.CondVar_WakeUp
                0x0000000000101434       0xac C:/devkitPro/libctru/lib\libctru.a(synchronization.o)
                0x0000000000101434                CondVar_WakeUp
 .text.LightEvent_Init
                0x00000000001014e0       0x40 C:/devkitPro/libctru/lib\libctru.a(synchronization.o)
                0x00000000001014e0                LightEvent_Init
 .text.LightEvent_Clear
                0x0000000000101520       0xa4 C:/devkitPro/libctru/lib\libctru.a(synchronization.o)
                0x0000000000101520                LightEvent_Clear
 .text.LightEvent_Signal
                0x00000000001015c4       0xc8 C:/devkitPro/libctru/lib\libctru.a(synchronization.o)
                0x00000000001015c4                LightEvent_Signal
 .text.LightEvent_TryWait
                0x000000000010168c       0x50 C:/devkitPro/libctru/lib\libctru.a(synchronization.o)
                0x000000000010168c                LightEvent_TryWait
 .text.LightEvent_Wait
                0x00000000001016dc       0xb0 C:/devkitPro/libctru/lib\libctru.a(synchronization.o)
                0x00000000001016dc                LightEvent_Wait
 .text.LightSemaphore_Init
                0x000000000010178c       0x14 C:/devkitPro/libctru/lib\libctru.a(synchronization.o)
                0x000000000010178c                LightSemaphore_Init
 .text.LightSemaphore_Acquire
                0x00000000001017a0       0x94 C:/devkitPro/libctru/lib\libctru.a(synchronization.o)
                0x00000000001017a0                LightSemaphore_Acquire
 .text.LightSemaphore_Release
                0x0000000000101834       0x64 C:/devkitPro/libctru/lib\libctru.a(synchronization.o)
                0x0000000000101834                LightSemaphore_Release
 .text.envGetHandle
                0x0000000000101898       0x84 C:/devkitPro/libctru/lib\libctru.a(env.o)
                0x0000000000101898                envGetHandle
 .text.envDestroyHandles
                0x000000000010191c       0x50 C:/devkitPro/libctru/lib\libctru.a(env.o)
                0x000000000010191c                envDestroyHandles
 .text.srvInit  0x000000000010196c      0x130 C:/devkitPro/libctru/lib\libctru.a(srv.o)
                0x000000000010196c                srvInit
 .text.srvExit  0x0000000000101a9c       0x58 C:/devkitPro/libctru/lib\libctru.a(srv.o)
                0x0000000000101a9c                srvExit
 .text.srvGetServiceHandleDirect
                0x0000000000101af4       0xa0 C:/devkitPro/libctru/lib\libctru.a(srv.o)
                0x0000000000101af4                srvGetServiceHandleDirect
 .text.srvGetServiceHandle
                0x0000000000101b94       0x38 C:/devkitPro/libctru/lib\libctru.a(srv.o)
                0x0000000000101b94                srvGetServiceHandle
 .text.srvPublishToSubscriber
                0x0000000000101bcc       0x38 C:/devkitPro/libctru/lib\libctru.a(srv.o)
                0x0000000000101bcc                srvPublishToSubscriber
 .text.archive_link
                0x0000000000101c04       0x14 C:/devkitPro/libctru/lib\libctru.a(archive_dev.o)
 .text.archive_dirreset
                0x0000000000101c18       0x14 C:/devkitPro/libctru/lib\libctru.a(archive_dev.o)
 .text.archive_chmod
                0x0000000000101c2c       0x14 C:/devkitPro/libctru/lib\libctru.a(archive_dev.o)
 .text.error_cmp
                0x0000000000101c40       0x24 C:/devkitPro/libctru/lib\libctru.a(archive_dev.o)
 .text.archive_translate_error
                0x0000000000101c64       0x50 C:/devkitPro/libctru/lib\libctru.a(archive_dev.o)
 .text.archive_seek
                0x0000000000101cb4       0xc8 C:/devkitPro/libctru/lib\libctru.a(archive_dev.o)
 .text._archiveInit.part.0
                0x0000000000101d7c       0x7c C:/devkitPro/libctru/lib\libctru.a(archive_dev.o)
 .text.archiveFindDevice.part.0
                0x0000000000101df8       0xc4 C:/devkitPro/libctru/lib\libctru.a(archive_dev.o)
 .text.archive_utf16path
                0x0000000000101ebc      0x25c C:/devkitPro/libctru/lib\libctru.a(archive_dev.o)
 .text._archiveUnmountDeviceStruct.part.0
                0x0000000000102118       0xa0 C:/devkitPro/libctru/lib\libctru.a(archive_dev.o)
 .text.archive_fchmod
                0x00000000001021b8       0x14 C:/devkitPro/libctru/lib\libctru.a(archive_dev.o)
 .text.archive_statvfs
                0x00000000001021cc       0x14 C:/devkitPro/libctru/lib\libctru.a(archive_dev.o)
 .text._archiveMountDevice
                0x00000000001021e0      0x164 C:/devkitPro/libctru/lib\libctru.a(archive_dev.o)
 .text.archive_diropen
                0x0000000000102344       0xe8 C:/devkitPro/libctru/lib\libctru.a(archive_dev.o)
 .text.archive_fstat
                0x000000000010242c       0xa4 C:/devkitPro/libctru/lib\libctru.a(archive_dev.o)
 .text.archive_close
                0x00000000001024d0       0x6c C:/devkitPro/libctru/lib\libctru.a(archive_dev.o)
 .text.archive_fsync
                0x000000000010253c       0x6c C:/devkitPro/libctru/lib\libctru.a(archive_dev.o)
 .text.archive_dirclose
                0x00000000001025a8       0x70 C:/devkitPro/libctru/lib\libctru.a(archive_dev.o)
 .text.sdmc_statvfs
                0x0000000000102618       0xe8 C:/devkitPro/libctru/lib\libctru.a(archive_dev.o)
 .text.archive_chdir
                0x0000000000102700       0xec C:/devkitPro/libctru/lib\libctru.a(archive_dev.o)
 .text.archive_ftruncate
                0x00000000001027ec       0x7c C:/devkitPro/libctru/lib\libctru.a(archive_dev.o)
 .text.archive_read
                0x0000000000102868       0xac C:/devkitPro/libctru/lib\libctru.a(archive_dev.o)
 .text.archive_unlink
                0x0000000000102914       0xa4 C:/devkitPro/libctru/lib\libctru.a(archive_dev.o)
 .text.archive_rmdir
                0x00000000001029b8       0xbc C:/devkitPro/libctru/lib\libctru.a(archive_dev.o)
 .text.archive_mkdir
                0x0000000000102a74       0xdc C:/devkitPro/libctru/lib\libctru.a(archive_dev.o)
 .text.archive_stat
                0x0000000000102b50      0x19c C:/devkitPro/libctru/lib\libctru.a(archive_dev.o)
 .text.archive_dirnext
                0x0000000000102cec      0x15c C:/devkitPro/libctru/lib\libctru.a(archive_dev.o)
 .text.archive_write
                0x0000000000102e48       0xec C:/devkitPro/libctru/lib\libctru.a(archive_dev.o)
 .text.archive_open
                0x0000000000102f34      0x1d4 C:/devkitPro/libctru/lib\libctru.a(archive_dev.o)
 .text.archive_rename
                0x0000000000103108      0x278 C:/devkitPro/libctru/lib\libctru.a(archive_dev.o)
 .text.archiveMountSdmc
                0x0000000000103380      0x19c C:/devkitPro/libctru/lib\libctru.a(archive_dev.o)
                0x0000000000103380                archiveMountSdmc
 .text.archiveUnmountAll
                0x000000000010351c       0x54 C:/devkitPro/libctru/lib\libctru.a(archive_dev.o)
                0x000000000010351c                archiveUnmountAll
 .text.aptConvertScreenForCapture
                0x0000000000103570      0x1a4 C:/devkitPro/libctru/lib\libctru.a(apt.o)
 .text.aptSendCommand
                0x0000000000103714      0x158 C:/devkitPro/libctru/lib\libctru.a(apt.o)
                0x0000000000103714                aptSendCommand
 *fill*         0x000000000010386c        0x4 
 .text.aptExitProcess
                0x0000000000103870       0x44 C:/devkitPro/libctru/lib\libctru.a(apt.o)
 .text.aptIsActive
                0x00000000001038b4       0x14 C:/devkitPro/libctru/lib\libctru.a(apt.o)
                0x00000000001038b4                aptIsActive
 .text.aptExit  0x00000000001038c8      0x2f4 C:/devkitPro/libctru/lib\libctru.a(apt.o)
                0x00000000001038c8                aptExit
 .text.aptHandleSleep
                0x0000000000103bbc       0xe0 C:/devkitPro/libctru/lib\libctru.a(apt.o)
                0x0000000000103bbc                aptHandleSleep
 .text.aptHook  0x0000000000103c9c       0x30 C:/devkitPro/libctru/lib\libctru.a(apt.o)
                0x0000000000103c9c                aptHook
 .text.aptUnhook
                0x0000000000103ccc       0x30 C:/devkitPro/libctru/lib\libctru.a(apt.o)
                0x0000000000103ccc                aptUnhook
 .text.APT_SleepIfShellClosed
                0x0000000000103cfc       0x84 C:/devkitPro/libctru/lib\libctru.a(apt.o)
                0x0000000000103cfc                APT_SleepIfShellClosed
 .text.aptSetSleepAllowed
                0x0000000000103d80       0x84 C:/devkitPro/libctru/lib\libctru.a(apt.o)
                0x0000000000103d80                aptSetSleepAllowed
 .text.APT_UnlockTransition
                0x0000000000103e04       0x84 C:/devkitPro/libctru/lib\libctru.a(apt.o)
                0x0000000000103e04                APT_UnlockTransition
 .text.aptEventHandler
                0x0000000000103e88      0x4a4 C:/devkitPro/libctru/lib\libctru.a(apt.o)
 .text.APT_ReceiveParameter
                0x000000000010432c       0xb0 C:/devkitPro/libctru/lib\libctru.a(apt.o)
                0x000000000010432c                APT_ReceiveParameter
 .text.aptReceiveParameter.constprop.0
                0x00000000001043dc       0xb0 C:/devkitPro/libctru/lib\libctru.a(apt.o)
 *fill*         0x000000000010448c        0x4 
 .text.aptScreenTransfer
                0x0000000000104490      0x2ac C:/devkitPro/libctru/lib\libctru.a(apt.o)
 .text.aptWaitForWakeUp.isra.0
                0x000000000010473c      0x344 C:/devkitPro/libctru/lib\libctru.a(apt.o)
 .text.aptJumpToHomeMenu
                0x0000000000104a80      0x100 C:/devkitPro/libctru/lib\libctru.a(apt.o)
                0x0000000000104a80                aptJumpToHomeMenu
 .text.aptMainLoop
                0x0000000000104b80       0x48 C:/devkitPro/libctru/lib\libctru.a(apt.o)
                0x0000000000104b80                aptMainLoop
 .text.aptInit  0x0000000000104bc8      0x22c C:/devkitPro/libctru/lib\libctru.a(apt.o)
                0x0000000000104bc8                aptInit
 .text.APT_CheckNew3DS
                0x0000000000104df4       0x7c C:/devkitPro/libctru/lib\libctru.a(apt.o)
                0x0000000000104df4                APT_CheckNew3DS
 .text.hidShouldUseIrrst
                0x0000000000104e70       0x24 C:/devkitPro/libctru/lib\libctru.a(hid.o)
                0x0000000000104e70                hidShouldUseIrrst
 .text.hidInit  0x0000000000104e94      0x18c C:/devkitPro/libctru/lib\libctru.a(hid.o)
                0x0000000000104e94                hidInit
 .text.hidExit  0x0000000000105020       0xe8 C:/devkitPro/libctru/lib\libctru.a(hid.o)
                0x0000000000105020                hidExit
 .text.hidScanInput
                0x0000000000105108      0x2a4 C:/devkitPro/libctru/lib\libctru.a(hid.o)
                0x0000000000105108                hidScanInput
 .text.hidKeysHeld
                0x00000000001053ac       0x10 C:/devkitPro/libctru/lib\libctru.a(hid.o)
                0x00000000001053ac                hidKeysHeld
 .text.hidKeysDown
                0x00000000001053bc       0x10 C:/devkitPro/libctru/lib\libctru.a(hid.o)
                0x00000000001053bc                hidKeysDown
 .text.hidKeysUp
                0x00000000001053cc       0x10 C:/devkitPro/libctru/lib\libctru.a(hid.o)
                0x00000000001053cc                hidKeysUp
 .text.hidTouchRead
                0x00000000001053dc       0x18 C:/devkitPro/libctru/lib\libctru.a(hid.o)
                0x00000000001053dc                hidTouchRead
 .text.hidCircleRead
                0x00000000001053f4       0x18 C:/devkitPro/libctru/lib\libctru.a(hid.o)
                0x00000000001053f4                hidCircleRead
 .text.srvPmGetSessionHandle
                0x000000000010540c        0xc C:/devkitPro/libctru/lib\libctru.a(srvpm.o)
                0x000000000010540c                srvPmGetSessionHandle
 .text.fsInit   0x0000000000105418       0xcc C:/devkitPro/libctru/lib\libctru.a(fs.o)
                0x0000000000105418                fsInit
 .text.fsExit   0x00000000001054e4       0x3c C:/devkitPro/libctru/lib\libctru.a(fs.o)
                0x00000000001054e4                fsExit
 .text.fsExemptFromSession
                0x0000000000105520       0x60 C:/devkitPro/libctru/lib\libctru.a(fs.o)
                0x0000000000105520                fsExemptFromSession
 .text.fsUnexemptFromSession
                0x0000000000105580       0x50 C:/devkitPro/libctru/lib\libctru.a(fs.o)
                0x0000000000105580                fsUnexemptFromSession
 .text.FSUSER_OpenFile
                0x00000000001055d0       0xcc C:/devkitPro/libctru/lib\libctru.a(fs.o)
                0x00000000001055d0                FSUSER_OpenFile
 .text.FSUSER_OpenFileDirectly
                0x000000000010569c       0xd4 C:/devkitPro/libctru/lib\libctru.a(fs.o)
                0x000000000010569c                FSUSER_OpenFileDirectly
 .text.FSUSER_DeleteFile
                0x0000000000105770       0xbc C:/devkitPro/libctru/lib\libctru.a(fs.o)
                0x0000000000105770                FSUSER_DeleteFile
 .text.FSUSER_RenameFile
                0x000000000010582c       0xf8 C:/devkitPro/libctru/lib\libctru.a(fs.o)
                0x000000000010582c                FSUSER_RenameFile
 .text.FSUSER_DeleteDirectory
                0x0000000000105924       0xbc C:/devkitPro/libctru/lib\libctru.a(fs.o)
                0x0000000000105924                FSUSER_DeleteDirectory
 .text.FSUSER_CreateFile
                0x00000000001059e0       0xd4 C:/devkitPro/libctru/lib\libctru.a(fs.o)
                0x00000000001059e0                FSUSER_CreateFile
 .text.FSUSER_CreateDirectory
                0x0000000000105ab4       0xc4 C:/devkitPro/libctru/lib\libctru.a(fs.o)
                0x0000000000105ab4                FSUSER_CreateDirectory
 .text.FSUSER_RenameDirectory
                0x0000000000105b78       0xf8 C:/devkitPro/libctru/lib\libctru.a(fs.o)
                0x0000000000105b78                FSUSER_RenameDirectory
 .text.FSUSER_OpenDirectory
                0x0000000000105c70       0xb4 C:/devkitPro/libctru/lib\libctru.a(fs.o)
                0x0000000000105c70                FSUSER_OpenDirectory
 .text.FSUSER_OpenArchive
                0x0000000000105d24       0x98 C:/devkitPro/libctru/lib\libctru.a(fs.o)
                0x0000000000105d24                FSUSER_OpenArchive
 .text.FSUSER_CloseArchive
                0x0000000000105dbc       0x8c C:/devkitPro/libctru/lib\libctru.a(fs.o)
                0x0000000000105dbc                FSUSER_CloseArchive
 .text.FSUSER_GetSdmcArchiveResource
                0x0000000000105e48       0x74 C:/devkitPro/libctru/lib\libctru.a(fs.o)
                0x0000000000105e48                FSUSER_GetSdmcArchiveResource
 .text.FSUSER_IsSdmcWritable
                0x0000000000105ebc       0x64 C:/devkitPro/libctru/lib\libctru.a(fs.o)
                0x0000000000105ebc                FSUSER_IsSdmcWritable
 .text.FSFILE_Read
                0x0000000000105f20       0x58 C:/devkitPro/libctru/lib\libctru.a(fs.o)
                0x0000000000105f20                FSFILE_Read
 .text.FSFILE_Write
                0x0000000000105f78       0x60 C:/devkitPro/libctru/lib\libctru.a(fs.o)
                0x0000000000105f78                FSFILE_Write
 .text.FSFILE_GetSize
                0x0000000000105fd8       0x3c C:/devkitPro/libctru/lib\libctru.a(fs.o)
                0x0000000000105fd8                FSFILE_GetSize
 .text.FSFILE_SetSize
                0x0000000000106014       0x28 C:/devkitPro/libctru/lib\libctru.a(fs.o)
                0x0000000000106014                FSFILE_SetSize
 .text.FSFILE_Close
                0x000000000010603c       0x3c C:/devkitPro/libctru/lib\libctru.a(fs.o)
                0x000000000010603c                FSFILE_Close
 .text.FSFILE_Flush
                0x0000000000106078       0x24 C:/devkitPro/libctru/lib\libctru.a(fs.o)
                0x0000000000106078                FSFILE_Flush
 .text.FSDIR_Read
                0x000000000010609c       0x50 C:/devkitPro/libctru/lib\libctru.a(fs.o)
                0x000000000010609c                FSDIR_Read
 .text.FSDIR_Close
                0x00000000001060ec       0x3c C:/devkitPro/libctru/lib\libctru.a(fs.o)
                0x00000000001060ec                FSDIR_Close
 .text.utf16_to_utf8
                0x0000000000106128       0xe8 C:/devkitPro/libctru/lib\libctru.a(utf16_to_utf8.o)
                0x0000000000106128                utf16_to_utf8
 .text.decode_utf16
                0x0000000000106210       0x64 C:/devkitPro/libctru/lib\libctru.a(decode_utf16.o)
                0x0000000000106210                decode_utf16
 .text.decode_utf8
                0x0000000000106274      0x13c C:/devkitPro/libctru/lib\libctru.a(decode_utf8.o)
                0x0000000000106274                decode_utf8
 .text.utf8_to_utf16
                0x00000000001063b0       0xc0 C:/devkitPro/libctru/lib\libctru.a(utf8_to_utf16.o)
                0x00000000001063b0                utf8_to_utf16
 .text.__syscall_getreent
                0x0000000000106470       0x30 C:/devkitPro/libctru/lib\libctru.a(syscalls.o)
                0x0000000000106470                __syscall_getreent
 .text.__syscall_lock_acquire
                0x00000000001064a0        0x4 C:/devkitPro/libctru/lib\libctru.a(syscalls.o)
                0x00000000001064a0                __syscall_lock_acquire
 .text.__syscall_lock_release
                0x00000000001064a4        0x4 C:/devkitPro/libctru/lib\libctru.a(syscalls.o)
                0x00000000001064a4                __syscall_lock_release
 .text.__syscall_lock_init_recursive
                0x00000000001064a8        0x4 C:/devkitPro/libctru/lib\libctru.a(syscalls.o)
                0x00000000001064a8                __syscall_lock_init_recursive
 .text.__syscall_lock_acquire_recursive
                0x00000000001064ac        0x4 C:/devkitPro/libctru/lib\libctru.a(syscalls.o)
                0x00000000001064ac                __syscall_lock_acquire_recursive
 .text.__syscall_lock_release_recursive
                0x00000000001064b0        0x4 C:/devkitPro/libctru/lib\libctru.a(syscalls.o)
                0x00000000001064b0                __syscall_lock_release_recursive
 .text.__syscall_exit
                0x00000000001064b4        0x4 C:/devkitPro/libctru/lib\libctru.a(syscalls.o)
                0x00000000001064b4                __syscall_exit
 .text.initThreadVars
                0x00000000001064b8       0x50 C:/devkitPro/libctru/lib\libctru.a(syscalls.o)
                0x00000000001064b8                initThreadVars
 .text.__system_initSyscalls
                0x0000000000106508       0x68 C:/devkitPro/libctru/lib\libctru.a(syscalls.o)
                0x0000000000106508                __system_initSyscalls
 .text.__system_allocateHeaps
                0x0000000000106570      0x1e0 C:/devkitPro/libctru/lib\libctru.a(allocateHeaps.o)
                0x0000000000106570                __system_allocateHeaps
 .text.__aeabi_read_tp
                0x0000000000106750        0xc C:/devkitPro/libctru/lib\libctru.a(readtp.o)
                0x0000000000106750                __aeabi_read_tp
 .text.osConvertVirtToPhys
                0x000000000010675c       0x74 C:/devkitPro/libctru/lib\libctru.a(os.o)
                0x000000000010675c                osConvertVirtToPhys
 .text.__ctru_speedup_config
                0x00000000001067d0       0x34 C:/devkitPro/libctru/lib\libctru.a(os.o)
                0x00000000001067d0                __ctru_speedup_config
 .text.threadCreate
                0x0000000000106804      0x178 C:/devkitPro/libctru/lib\libctru.a(thread.o)
                0x0000000000106804                threadCreate
 .text.threadGetHandle
                0x000000000010697c       0x24 C:/devkitPro/libctru/lib\libctru.a(thread.o)
                0x000000000010697c                threadGetHandle
 .text.threadFree
                0x00000000001069a0       0x2c C:/devkitPro/libctru/lib\libctru.a(thread.o)
                0x00000000001069a0                threadFree
 .text.threadJoin
                0x00000000001069cc       0x24 C:/devkitPro/libctru/lib\libctru.a(thread.o)
                0x00000000001069cc                threadJoin
 .text.threadGetCurrent
                0x00000000001069f0       0x30 C:/devkitPro/libctru/lib\libctru.a(thread.o)
                0x00000000001069f0                threadGetCurrent
 .text.threadExit
                0x0000000000106a20       0x40 C:/devkitPro/libctru/lib\libctru.a(thread.o)
                0x0000000000106a20                threadExit
 .text._thread_begin
                0x0000000000106a60       0x20 C:/devkitPro/libctru/lib\libctru.a(thread.o)
 .text.mappableFindAddressWithin
                0x0000000000106a80       0xb4 C:/devkitPro/libctru/lib\libctru.a(mappable.o)
 .text.mappableInit
                0x0000000000106b34       0x28 C:/devkitPro/libctru/lib\libctru.a(mappable.o)
                0x0000000000106b34                mappableInit
 .text.mappableAlloc
                0x0000000000106b5c       0x80 C:/devkitPro/libctru/lib\libctru.a(mappable.o)
                0x0000000000106b5c                mappableAlloc
 .text.mappableFree
                0x0000000000106bdc        0x4 C:/devkitPro/libctru/lib\libctru.a(mappable.o)
                0x0000000000106bdc                mappableFree
 .text.irrstInit
                0x0000000000106be0      0x164 C:/devkitPro/libctru/lib\libctru.a(irrst.o)
                0x0000000000106be0                irrstInit
 .text.irrstExit
                0x0000000000106d44       0xcc C:/devkitPro/libctru/lib\libctru.a(irrst.o)
                0x0000000000106d44                irrstExit
 .text.irrstScanInput
                0x0000000000106e10       0xb4 C:/devkitPro/libctru/lib\libctru.a(irrst.o)
                0x0000000000106e10                irrstScanInput
 .text.irrstKeysHeld
                0x0000000000106ec4       0x24 C:/devkitPro/libctru/lib\libctru.a(irrst.o)
                0x0000000000106ec4                irrstKeysHeld
 .text.irrstCstickRead
                0x0000000000106ee8       0x18 C:/devkitPro/libctru/lib\libctru.a(irrst.o)
                0x0000000000106ee8                irrstCstickRead
 .text.gspHardwareInit
                0x0000000000106f00      0xc58 C:/devkitPro/libctru/lib\libctru.a(gspgpu.o)
 .text.gspInit  0x0000000000107b58      0x248 C:/devkitPro/libctru/lib\libctru.a(gspgpu.o)
                0x0000000000107b58                gspInit
 .text.gspExit  0x0000000000107da0       0xf0 C:/devkitPro/libctru/lib\libctru.a(gspgpu.o)
                0x0000000000107da0                gspExit
 .text.gspHasGpuRight
                0x0000000000107e90       0x10 C:/devkitPro/libctru/lib\libctru.a(gspgpu.o)
                0x0000000000107e90                gspHasGpuRight
 .text.gspPresentBuffer
                0x0000000000107ea0       0xa0 C:/devkitPro/libctru/lib\libctru.a(gspgpu.o)
                0x0000000000107ea0                gspPresentBuffer
 .text.gspSetEventCallback
                0x0000000000107f40       0x30 C:/devkitPro/libctru/lib\libctru.a(gspgpu.o)
                0x0000000000107f40                gspSetEventCallback
 .text.gspWaitForEvent
                0x0000000000107f70       0x44 C:/devkitPro/libctru/lib\libctru.a(gspgpu.o)
                0x0000000000107f70                gspWaitForEvent
 .text.gspWaitForAnyEvent
                0x0000000000107fb4       0x4c C:/devkitPro/libctru/lib\libctru.a(gspgpu.o)
                0x0000000000107fb4                gspWaitForAnyEvent
 .text.gspEventThreadMain
                0x0000000000108000      0x158 C:/devkitPro/libctru/lib\libctru.a(gspgpu.o)
 .text.gspSubmitGxCommand
                0x0000000000108158      0x130 C:/devkitPro/libctru/lib\libctru.a(gspgpu.o)
                0x0000000000108158                gspSubmitGxCommand
 .text.GSPGPU_FlushDataCache
                0x0000000000108288       0x50 C:/devkitPro/libctru/lib\libctru.a(gspgpu.o)
                0x0000000000108288                GSPGPU_FlushDataCache
 .text.GSPGPU_SetLcdForceBlack
                0x00000000001082d8       0x34 C:/devkitPro/libctru/lib\libctru.a(gspgpu.o)
                0x00000000001082d8                GSPGPU_SetLcdForceBlack
 .text.GSPGPU_AcquireRight
                0x000000000010830c       0x68 C:/devkitPro/libctru/lib\libctru.a(gspgpu.o)
                0x000000000010830c                GSPGPU_AcquireRight
 .text.GSPGPU_ReleaseRight
                0x0000000000108374       0x48 C:/devkitPro/libctru/lib\libctru.a(gspgpu.o)
                0x0000000000108374                GSPGPU_ReleaseRight
 .text.GSPGPU_ImportDisplayCaptureInfo
                0x00000000001083bc       0x7c C:/devkitPro/libctru/lib\libctru.a(gspgpu.o)
                0x00000000001083bc                GSPGPU_ImportDisplayCaptureInfo
 .text.GSPGPU_SaveVramSysArea
                0x0000000000108438       0x2c C:/devkitPro/libctru/lib\libctru.a(gspgpu.o)
                0x0000000000108438                GSPGPU_SaveVramSysArea
 .text.GSPGPU_RestoreVramSysArea
                0x0000000000108464       0x2c C:/devkitPro/libctru/lib\libctru.a(gspgpu.o)
                0x0000000000108464                GSPGPU_RestoreVramSysArea
 .text.ptmSysmInit
                0x0000000000108490       0x74 C:/devkitPro/libctru/lib\libctru.a(ptmsysm.o)
                0x0000000000108490                ptmSysmInit
 .text.ptmSysmExit
                0x0000000000108504       0x3c C:/devkitPro/libctru/lib\libctru.a(ptmsysm.o)
                0x0000000000108504                ptmSysmExit
 .text.PTMSYSM_ConfigureNew3DSCPU
                0x0000000000108540       0x34 C:/devkitPro/libctru/lib\libctru.a(ptmsysm.o)
                0x0000000000108540                PTMSYSM_ConfigureNew3DSCPU
 .text.encode_utf16
                0x0000000000108574       0x54 C:/devkitPro/libctru/lib\libctru.a(encode_utf16.o)
                0x0000000000108574                encode_utf16
 .text.encode_utf8
                0x00000000001085c8       0xe0 C:/devkitPro/libctru/lib\libctru.a(encode_utf8.o)
                0x00000000001085c8                encode_utf8
 .text.startup.main
                0x00000000001086a8       0xc4 main.o
                0x00000000001086a8                main
 .text.SDL_InitSubSystem
                0x000000000010876c      0x158 C:/devkitPro/portlibs/3ds/lib\libSDL.a(SDL.o)
                0x000000000010876c                SDL_InitSubSystem
 .text.SDL_Init
                0x00000000001088c4       0x40 C:/devkitPro/portlibs/3ds/lib\libSDL.a(SDL.o)
                0x00000000001088c4                SDL_Init
 .text.SDL_QuitSubSystem
                0x0000000000108904       0x9c C:/devkitPro/portlibs/3ds/lib\libSDL.a(SDL.o)
                0x0000000000108904                SDL_QuitSubSystem
 .text.SDL_Quit
                0x00000000001089a0       0x18 C:/devkitPro/portlibs/3ds/lib\libSDL.a(SDL.o)
                0x00000000001089a0                SDL_Quit
 .text.SDL_SetError
                0x00000000001089b8      0x1b8 C:/devkitPro/portlibs/3ds/lib\libSDL.a(SDL_error.o)
                0x00000000001089b8                SDL_SetError
 .text.SDL_ClearError
                0x0000000000108b70       0x14 C:/devkitPro/portlibs/3ds/lib\libSDL.a(SDL_error.o)
                0x0000000000108b70                SDL_ClearError
 .text.SDL_Error
                0x0000000000108b84       0x58 C:/devkitPro/portlibs/3ds/lib\libSDL.a(SDL_error.o)
                0x0000000000108b84                SDL_Error
 .text.SDL_Parachute
                0x0000000000108bdc       0x20 C:/devkitPro/portlibs/3ds/lib\libSDL.a(SDL_fatal.o)
 .text.SDL_InstallParachute
                0x0000000000108bfc       0x4c C:/devkitPro/portlibs/3ds/lib\libSDL.a(SDL_fatal.o)
                0x0000000000108bfc                SDL_InstallParachute
 .text.SDL_UninstallParachute
                0x0000000000108c48       0x50 C:/devkitPro/portlibs/3ds/lib\libSDL.a(SDL_fatal.o)
                0x0000000000108c48                SDL_UninstallParachute
 .text.SDL_LockAudio_Default
                0x0000000000108c98       0x30 C:/devkitPro/portlibs/3ds/lib\libSDL.a(SDL_audio.o)
 .text.SDL_UnlockAudio_Default
                0x0000000000108cc8       0x30 C:/devkitPro/portlibs/3ds/lib\libSDL.a(SDL_audio.o)
 .text.SDL_AudioQuit
                0x0000000000108cf8       0xac C:/devkitPro/portlibs/3ds/lib\libSDL.a(SDL_audio.o)
                0x0000000000108cf8                SDL_AudioQuit
 .text.SDL_AudioInit
                0x0000000000108da4      0x104 C:/devkitPro/portlibs/3ds/lib\libSDL.a(SDL_audio.o)
                0x0000000000108da4                SDL_AudioInit
 .text.SDL_FirstAudioFormat
                0x0000000000108ea8       0xa8 C:/devkitPro/portlibs/3ds/lib\libSDL.a(SDL_audio.o)
                0x0000000000108ea8                SDL_FirstAudioFormat
 .text.SDL_NextAudioFormat
                0x0000000000108f50       0x54 C:/devkitPro/portlibs/3ds/lib\libSDL.a(SDL_audio.o)
                0x0000000000108f50                SDL_NextAudioFormat
 .text.SDL_CalculateAudioSpec
                0x0000000000108fa4       0x38 C:/devkitPro/portlibs/3ds/lib\libSDL.a(SDL_audio.o)
                0x0000000000108fa4                SDL_CalculateAudioSpec
 .text.SDL_GobbleEvents
                0x0000000000108fdc       0xec C:/devkitPro/portlibs/3ds/lib\libSDL.a(SDL_events.o)
 .text.SDL_Lock_EventThread
                0x00000000001090c8       0x64 C:/devkitPro/portlibs/3ds/lib\libSDL.a(SDL_events.o)
                0x00000000001090c8                SDL_Lock_EventThread
 .text.SDL_Unlock_EventThread
                0x000000000010912c       0x44 C:/devkitPro/portlibs/3ds/lib\libSDL.a(SDL_events.o)
                0x000000000010912c                SDL_Unlock_EventThread
 .text.SDL_StopEventLoop
                0x0000000000109170       0x78 C:/devkitPro/portlibs/3ds/lib\libSDL.a(SDL_events.o)
                0x0000000000109170                SDL_StopEventLoop
 .text.SDL_StartEventLoop
                0x00000000001091e8      0x120 C:/devkitPro/portlibs/3ds/lib\libSDL.a(SDL_events.o)
                0x00000000001091e8                SDL_StartEventLoop
 .text.SDL_PeepEvents
                0x0000000000109308      0x210 C:/devkitPro/portlibs/3ds/lib\libSDL.a(SDL_events.o)
                0x0000000000109308                SDL_PeepEvents
 .text.SDL_PumpEvents
                0x0000000000109518       0x68 C:/devkitPro/portlibs/3ds/lib\libSDL.a(SDL_events.o)
                0x0000000000109518                SDL_PumpEvents
 .text.SDL_PollEvent
                0x0000000000109580       0x38 C:/devkitPro/portlibs/3ds/lib\libSDL.a(SDL_events.o)
                0x0000000000109580                SDL_PollEvent
 .text.SDL_PushEvent
                0x00000000001095b8       0x28 C:/devkitPro/portlibs/3ds/lib\libSDL.a(SDL_events.o)
                0x00000000001095b8                SDL_PushEvent
 .text.SDL_KeyboardInit
                0x00000000001095e0      0xb98 C:/devkitPro/portlibs/3ds/lib\libSDL.a(SDL_keyboard.o)
                0x00000000001095e0                SDL_KeyboardInit
 .text.SDL_KeyboardQuit
                0x000000000010a178        0x4 C:/devkitPro/portlibs/3ds/lib\libSDL.a(SDL_keyboard.o)
                0x000000000010a178                SDL_KeyboardQuit
 .text.SDL_PrivateKeyboard
                0x000000000010a17c      0x35c C:/devkitPro/portlibs/3ds/lib\libSDL.a(SDL_keyboard.o)
                0x000000000010a17c                SDL_PrivateKeyboard
 .text.SDL_ResetKeyboard
                0x000000000010a4d8       0x80 C:/devkitPro/portlibs/3ds/lib\libSDL.a(SDL_keyboard.o)
                0x000000000010a4d8                SDL_ResetKeyboard
 .text.SDL_CheckKeyRepeat
                0x000000000010a558       0x8c C:/devkitPro/portlibs/3ds/lib\libSDL.a(SDL_keyboard.o)
                0x000000000010a558                SDL_CheckKeyRepeat
 .text.ClipOffset
                0x000000000010a5e4       0x78 C:/devkitPro/portlibs/3ds/lib\libSDL.a(SDL_mouse.o)
 .text.SDL_MouseInit
                0x000000000010a65c       0x60 C:/devkitPro/portlibs/3ds/lib\libSDL.a(SDL_mouse.o)
                0x000000000010a65c                SDL_MouseInit
 .text.SDL_MouseQuit
                0x000000000010a6bc        0x4 C:/devkitPro/portlibs/3ds/lib\libSDL.a(SDL_mouse.o)
                0x000000000010a6bc                SDL_MouseQuit
 .text.SDL_GetMouseState
                0x000000000010a6c0       0x38 C:/devkitPro/portlibs/3ds/lib\libSDL.a(SDL_mouse.o)
                0x000000000010a6c0                SDL_GetMouseState
 .text.SDL_GetRelativeMouseState
                0x000000000010a6f8       0x44 C:/devkitPro/portlibs/3ds/lib\libSDL.a(SDL_mouse.o)
                0x000000000010a6f8                SDL_GetRelativeMouseState
 .text.SDL_SetMouseRange
                0x000000000010a73c       0x1c C:/devkitPro/portlibs/3ds/lib\libSDL.a(SDL_mouse.o)
                0x000000000010a73c                SDL_SetMouseRange
 .text.SDL_PrivateMouseMotion
                0x000000000010a758      0x1c4 C:/devkitPro/portlibs/3ds/lib\libSDL.a(SDL_mouse.o)
                0x000000000010a758                SDL_PrivateMouseMotion
 .text.SDL_PrivateMouseButton
                0x000000000010a91c      0x210 C:/devkitPro/portlibs/3ds/lib\libSDL.a(SDL_mouse.o)
                0x000000000010a91c                SDL_PrivateMouseButton
 .text.SDL_ResetMouse
                0x000000000010ab2c       0x54 C:/devkitPro/portlibs/3ds/lib\libSDL.a(SDL_mouse.o)
                0x000000000010ab2c                SDL_ResetMouse
 .text.SDL_HandleSIG
                0x000000000010ab80       0x70 C:/devkitPro/portlibs/3ds/lib\libSDL.a(SDL_quit.o)
 .text.SDL_QuitInit
                0x000000000010abf0       0x48 C:/devkitPro/portlibs/3ds/lib\libSDL.a(SDL_quit.o)
                0x000000000010abf0                SDL_QuitInit
 .text.SDL_QuitQuit
                0x000000000010ac38       0x50 C:/devkitPro/portlibs/3ds/lib\libSDL.a(SDL_quit.o)
                0x000000000010ac38                SDL_QuitQuit
 .text.SDL_DelThread.part.0
                0x000000000010ac88       0xb8 C:/devkitPro/portlibs/3ds/lib\libSDL.a(SDL_thread.o)
 .text.SDL_GetErrBuf
                0x000000000010ad40       0x9c C:/devkitPro/portlibs/3ds/lib\libSDL.a(SDL_thread.o)
                0x000000000010ad40                SDL_GetErrBuf
 .text.SDL_RunThread
                0x000000000010addc       0x3c C:/devkitPro/portlibs/3ds/lib\libSDL.a(SDL_thread.o)
                0x000000000010addc                SDL_RunThread
 .text.SDL_CreateThread
                0x000000000010ae18      0x184 C:/devkitPro/portlibs/3ds/lib\libSDL.a(SDL_thread.o)
                0x000000000010ae18                SDL_CreateThread
 .text.SDL_WaitThread
                0x000000000010af9c       0x4c C:/devkitPro/portlibs/3ds/lib\libSDL.a(SDL_thread.o)
                0x000000000010af9c                SDL_WaitThread
 .text.callback_wrapper
                0x000000000010afe8        0x4 C:/devkitPro/portlibs/3ds/lib\libSDL.a(SDL_timer.o)
 .text.SDL_AddTimerInternal
                0x000000000010afec       0x8c C:/devkitPro/portlibs/3ds/lib\libSDL.a(SDL_timer.o)
 .text.SDL_SetTimerThreaded
                0x000000000010b078       0x44 C:/devkitPro/portlibs/3ds/lib\libSDL.a(SDL_timer.o)
                0x000000000010b078                SDL_SetTimerThreaded
 .text.SDL_ThreadedTimerCheck
                0x000000000010b0bc      0x13c C:/devkitPro/portlibs/3ds/lib\libSDL.a(SDL_timer.o)
                0x000000000010b0bc                SDL_ThreadedTimerCheck
 .text.SDL_SetTimer
                0x000000000010b1f8      0x154 C:/devkitPro/portlibs/3ds/lib\libSDL.a(SDL_timer.o)
                0x000000000010b1f8                SDL_SetTimer
 .text.SDL_TimerQuit
                0x000000000010b34c       0x68 C:/devkitPro/portlibs/3ds/lib\libSDL.a(SDL_timer.o)
                0x000000000010b34c                SDL_TimerQuit
 .text.SDL_TimerInit
                0x000000000010b3b4       0x98 C:/devkitPro/portlibs/3ds/lib\libSDL.a(SDL_timer.o)
                0x000000000010b3b4                SDL_TimerInit
 .text.SDL_MouseRect
                0x000000000010b44c       0xd0 C:/devkitPro/portlibs/3ds/lib\libSDL.a(SDL_cursor.o)
                0x000000000010b44c                SDL_MouseRect
 .text.SDL_DrawCursorNoLock
                0x000000000010b51c      0x710 C:/devkitPro/portlibs/3ds/lib\libSDL.a(SDL_cursor.o)
                0x000000000010b51c                SDL_DrawCursorNoLock
 .text.SDL_DrawCursor
                0x000000000010bc2c       0xc0 C:/devkitPro/portlibs/3ds/lib\libSDL.a(SDL_cursor.o)
                0x000000000010bc2c                SDL_DrawCursor
 .text.SDL_EraseCursorNoLock
                0x000000000010bcec      0x188 C:/devkitPro/portlibs/3ds/lib\libSDL.a(SDL_cursor.o)
                0x000000000010bcec                SDL_EraseCursorNoLock
 .text.SDL_EraseCursor
                0x000000000010be74       0xc0 C:/devkitPro/portlibs/3ds/lib\libSDL.a(SDL_cursor.o)
                0x000000000010be74                SDL_EraseCursor
 .text.SDL_SetCursor
                0x000000000010bf34      0x1d0 C:/devkitPro/portlibs/3ds/lib\libSDL.a(SDL_cursor.o)
                0x000000000010bf34                SDL_SetCursor
 .text.SDL_FreeCursor
                0x000000000010c104       0xa0 C:/devkitPro/portlibs/3ds/lib\libSDL.a(SDL_cursor.o)
                0x000000000010c104                SDL_FreeCursor
 .text.SDL_CursorQuit
                0x000000000010c1a4       0x98 C:/devkitPro/portlibs/3ds/lib\libSDL.a(SDL_cursor.o)
                0x000000000010c1a4                SDL_CursorQuit
 .text.SDL_CreateCursor
                0x000000000010c23c      0x1b0 C:/devkitPro/portlibs/3ds/lib\libSDL.a(SDL_cursor.o)
                0x000000000010c23c                SDL_CreateCursor
 .text.SDL_CursorInit
                0x000000000010c3ec       0x90 C:/devkitPro/portlibs/3ds/lib\libSDL.a(SDL_cursor.o)
                0x000000000010c3ec                SDL_CursorInit
 .text.SDL_MoveCursor
                0x000000000010c47c       0xb8 C:/devkitPro/portlibs/3ds/lib\libSDL.a(SDL_cursor.o)
                0x000000000010c47c                SDL_MoveCursor
 .text.SDL_ResetCursor
                0x000000000010c534       0x34 C:/devkitPro/portlibs/3ds/lib\libSDL.a(SDL_cursor.o)
                0x000000000010c534                SDL_ResetCursor
 .text.SDL_DitherColors.part.0
                0x000000000010c568       0x5c C:/devkitPro/portlibs/3ds/lib\libSDL.a(SDL_pixels.o)
 .text.SDL_FormatChanged
                0x000000000010c5c4       0x54 C:/devkitPro/portlibs/3ds/lib\libSDL.a(SDL_pixels.o)
                0x000000000010c5c4                SDL_FormatChanged
 .text.SDL_FreeFormat
                0x000000000010c618       0x40 C:/devkitPro/portlibs/3ds/lib\libSDL.a(SDL_pixels.o)
                0x000000000010c618                SDL_FreeFormat
 .text.SDL_AllocFormat
                0x000000000010c658      0x4c4 C:/devkitPro/portlibs/3ds/lib\libSDL.a(SDL_pixels.o)
                0x000000000010c658                SDL_AllocFormat
 .text.SDL_ReallocFormat
                0x000000000010cb1c      0x100 C:/devkitPro/portlibs/3ds/lib\libSDL.a(SDL_pixels.o)
                0x000000000010cb1c                SDL_ReallocFormat
 .text.SDL_DitherColors
                0x000000000010cc1c        0xc C:/devkitPro/portlibs/3ds/lib\libSDL.a(SDL_pixels.o)
                0x000000000010cc1c                SDL_DitherColors
 .text.SDL_CalculatePitch
                0x000000000010cc28       0x54 C:/devkitPro/portlibs/3ds/lib\libSDL.a(SDL_pixels.o)
                0x000000000010cc28                SDL_CalculatePitch
 .text.SDL_FindColor
                0x000000000010cc7c       0x7c C:/devkitPro/portlibs/3ds/lib\libSDL.a(SDL_pixels.o)
                0x000000000010cc7c                SDL_FindColor
 .text.Map1to1  0x000000000010ccf8       0xa4 C:/devkitPro/portlibs/3ds/lib\libSDL.a(SDL_pixels.o)
 .text.MapNto1.constprop.0.isra.0
                0x000000000010cd9c       0x58 C:/devkitPro/portlibs/3ds/lib\libSDL.a(SDL_pixels.o)
 .text.SDL_MapRGB
                0x000000000010cdf4       0x64 C:/devkitPro/portlibs/3ds/lib\libSDL.a(SDL_pixels.o)
                0x000000000010cdf4                SDL_MapRGB
 .text.SDL_AllocBlitMap
                0x000000000010ce58       0x5c C:/devkitPro/portlibs/3ds/lib\libSDL.a(SDL_pixels.o)
                0x000000000010ce58                SDL_AllocBlitMap
 .text.SDL_InvalidateMap
                0x000000000010ceb4       0x34 C:/devkitPro/portlibs/3ds/lib\libSDL.a(SDL_pixels.o)
                0x000000000010ceb4                SDL_InvalidateMap
 .text.SDL_MapSurface
                0x000000000010cee8      0x320 C:/devkitPro/portlibs/3ds/lib\libSDL.a(SDL_pixels.o)
                0x000000000010cee8                SDL_MapSurface
 .text.SDL_FreeBlitMap
                0x000000000010d208       0x38 C:/devkitPro/portlibs/3ds/lib\libSDL.a(SDL_pixels.o)
                0x000000000010d208                SDL_FreeBlitMap
 .text.SDL_SetClipRect
                0x000000000010d240       0xa4 C:/devkitPro/portlibs/3ds/lib\libSDL.a(SDL_surface.o)
                0x000000000010d240                SDL_SetClipRect
 .text.SDL_LowerBlit
                0x000000000010d2e4      0x120 C:/devkitPro/portlibs/3ds/lib\libSDL.a(SDL_surface.o)
                0x000000000010d2e4                SDL_LowerBlit
 .text.SDL_LockSurface
                0x000000000010d404       0x94 C:/devkitPro/portlibs/3ds/lib\libSDL.a(SDL_surface.o)
                0x000000000010d404                SDL_LockSurface
 .text.SDL_UnlockSurface
                0x000000000010d498       0x64 C:/devkitPro/portlibs/3ds/lib\libSDL.a(SDL_surface.o)
                0x000000000010d498                SDL_UnlockSurface
 .text.SDL_FillRect
                0x000000000010d4fc      0x484 C:/devkitPro/portlibs/3ds/lib\libSDL.a(SDL_surface.o)
                0x000000000010d4fc                SDL_FillRect
 .text.SDL_FreeSurface
                0x000000000010d980      0x150 C:/devkitPro/portlibs/3ds/lib\libSDL.a(SDL_surface.o)
                0x000000000010d980                SDL_FreeSurface
 .text.SDL_CreateRGBSurface
                0x000000000010dad0      0x294 C:/devkitPro/portlibs/3ds/lib\libSDL.a(SDL_surface.o)
                0x000000000010dad0                SDL_CreateRGBSurface
 .text.SDL_WM_GrabInputRaw
                0x000000000010dd64       0x90 C:/devkitPro/portlibs/3ds/lib\libSDL.a(SDL_video.o)
 .text.SDL_VideoModeOK
                0x000000000010ddf4      0x15c C:/devkitPro/portlibs/3ds/lib\libSDL.a(SDL_video.o)
                0x000000000010ddf4                SDL_VideoModeOK
 .text.SDL_UpdateRects
                0x000000000010df50      0x264 C:/devkitPro/portlibs/3ds/lib\libSDL.a(SDL_video.o)
                0x000000000010df50                SDL_UpdateRects
 .text.SDL_Flip
                0x000000000010e1b4      0x174 C:/devkitPro/portlibs/3ds/lib\libSDL.a(SDL_video.o)
                0x000000000010e1b4                SDL_Flip
 .text.SDL_VideoQuit
                0x000000000010e328      0x118 C:/devkitPro/portlibs/3ds/lib\libSDL.a(SDL_video.o)
                0x000000000010e328                SDL_VideoQuit
 .text.SDL_VideoInit
                0x000000000010e440      0x21c C:/devkitPro/portlibs/3ds/lib\libSDL.a(SDL_video.o)
                0x000000000010e440                SDL_VideoInit
 .text.SDL_WM_GrabInput
                0x000000000010e65c       0x68 C:/devkitPro/portlibs/3ds/lib\libSDL.a(SDL_video.o)
                0x000000000010e65c                SDL_WM_GrabInput
 .text.SDL_SetVideoMode
                0x000000000010e6c4      0x80c C:/devkitPro/portlibs/3ds/lib\libSDL.a(SDL_video.o)
                0x000000000010e6c4                SDL_SetVideoMode
 .text.SDL_JoystickClose.part.0
                0x000000000010eed0       0xc0 C:/devkitPro/portlibs/3ds/lib\libSDL.a(SDL_joystick.o)
 .text.SDL_JoystickInit
                0x000000000010ef90       0x68 C:/devkitPro/portlibs/3ds/lib\libSDL.a(SDL_joystick.o)
                0x000000000010ef90                SDL_JoystickInit
 .text.SDL_JoystickQuit
                0x000000000010eff8       0xa0 C:/devkitPro/portlibs/3ds/lib\libSDL.a(SDL_joystick.o)
                0x000000000010eff8                SDL_JoystickQuit
 .text.SDL_PrivateJoystickAxis
                0x000000000010f098       0x9c C:/devkitPro/portlibs/3ds/lib\libSDL.a(SDL_joystick.o)
                0x000000000010f098                SDL_PrivateJoystickAxis
 .text.SDL_PrivateJoystickHat
                0x000000000010f134       0x8c C:/devkitPro/portlibs/3ds/lib\libSDL.a(SDL_joystick.o)
                0x000000000010f134                SDL_PrivateJoystickHat
 .text.SDL_PrivateJoystickButton
                0x000000000010f1c0       0xac C:/devkitPro/portlibs/3ds/lib\libSDL.a(SDL_joystick.o)
                0x000000000010f1c0                SDL_PrivateJoystickButton
 .text.SDL_JoystickUpdate
                0x000000000010f26c       0x3c C:/devkitPro/portlibs/3ds/lib\libSDL.a(SDL_joystick.o)
                0x000000000010f26c                SDL_JoystickUpdate
 .text.SDL_StartTicks
                0x000000000010f2a8       0x18 C:/devkitPro/portlibs/3ds/lib\libSDL.a(SDL_systimer.o)
                0x000000000010f2a8                SDL_StartTicks
 .text.SDL_GetTicks
                0x000000000010f2c0       0x68 C:/devkitPro/portlibs/3ds/lib\libSDL.a(SDL_systimer.o)
                0x000000000010f2c0                SDL_GetTicks
 .text.SDL_Delay
                0x000000000010f328       0x10 C:/devkitPro/portlibs/3ds/lib\libSDL.a(SDL_systimer.o)
                0x000000000010f328                SDL_Delay
 .text.SDL_SYS_TimerInit
                0x000000000010f338        0x8 C:/devkitPro/portlibs/3ds/lib\libSDL.a(SDL_systimer.o)
                0x000000000010f338                SDL_SYS_TimerInit
 .text.SDL_SYS_TimerQuit
                0x000000000010f340        0x4 C:/devkitPro/portlibs/3ds/lib\libSDL.a(SDL_systimer.o)
                0x000000000010f340                SDL_SYS_TimerQuit
 .text.SDL_SYS_StartTimer
                0x000000000010f344       0x18 C:/devkitPro/portlibs/3ds/lib\libSDL.a(SDL_systimer.o)
                0x000000000010f344                SDL_SYS_StartTimer
 .text.SDL_SYS_StopTimer
                0x000000000010f35c        0x4 C:/devkitPro/portlibs/3ds/lib\libSDL.a(SDL_systimer.o)
                0x000000000010f35c                SDL_SYS_StopTimer
 .text.N3DSAUD_Available
                0x000000000010f360        0x8 C:/devkitPro/portlibs/3ds/lib\libSDL.a(SDL_n3dsaudio.o)
 .text.N3DSAUD_GetAudioBuf
                0x000000000010f368        0xc C:/devkitPro/portlibs/3ds/lib\libSDL.a(SDL_n3dsaudio.o)
 .text.N3DSAUD_CreateDevice
                0x000000000010f374      0x138 C:/devkitPro/portlibs/3ds/lib\libSDL.a(SDL_n3dsaudio.o)
 .text.N3DSAUD_DeleteDevice
                0x000000000010f4ac       0x5c C:/devkitPro/portlibs/3ds/lib\libSDL.a(SDL_n3dsaudio.o)
 .text.N3DSAUD_UnlockAudio
                0x000000000010f508        0xc C:/devkitPro/portlibs/3ds/lib\libSDL.a(SDL_n3dsaudio.o)
 .text.N3DSAUD_LockAudio
                0x000000000010f514        0xc C:/devkitPro/portlibs/3ds/lib\libSDL.a(SDL_n3dsaudio.o)
 .text.N3DSAUD_CloseAudio
                0x000000000010f520       0xc4 C:/devkitPro/portlibs/3ds/lib\libSDL.a(SDL_n3dsaudio.o)
 .text.audioFrameFinished
                0x000000000010f5e4       0x74 C:/devkitPro/portlibs/3ds/lib\libSDL.a(SDL_n3dsaudio.o)
 .text.N3DSAUD_PlayAudio
                0x000000000010f658       0xa8 C:/devkitPro/portlibs/3ds/lib\libSDL.a(SDL_n3dsaudio.o)
 .text.N3DSAUD_WaitAudio
                0x000000000010f700       0x78 C:/devkitPro/portlibs/3ds/lib\libSDL.a(SDL_n3dsaudio.o)
 .text.N3DSAUD_OpenAudio
                0x000000000010f778      0x268 C:/devkitPro/portlibs/3ds/lib\libSDL.a(SDL_n3dsaudio.o)
 .text.N3DSAUD_DspHook
                0x000000000010f9e0       0x5c C:/devkitPro/portlibs/3ds/lib\libSDL.a(SDL_n3dsaudio.o)
 .text.SDL_SYS_JoystickInit
                0x000000000010fa3c       0x14 C:/devkitPro/portlibs/3ds/lib\libSDL.a(SDL_sysjoystick.o)
                0x000000000010fa3c                SDL_SYS_JoystickInit
 .text.SDL_SYS_JoystickUpdate
                0x000000000010fa50      0x498 C:/devkitPro/portlibs/3ds/lib\libSDL.a(SDL_sysjoystick.o)
                0x000000000010fa50                SDL_SYS_JoystickUpdate
 .text.SDL_SYS_JoystickClose
                0x000000000010fee8        0x4 C:/devkitPro/portlibs/3ds/lib\libSDL.a(SDL_sysjoystick.o)
                0x000000000010fee8                SDL_SYS_JoystickClose
 .text.SDL_SYS_JoystickQuit
                0x000000000010feec        0x4 C:/devkitPro/portlibs/3ds/lib\libSDL.a(SDL_sysjoystick.o)
                0x000000000010feec                SDL_SYS_JoystickQuit
 .text.SDL_CreateMutex
                0x000000000010fef0       0x28 C:/devkitPro/portlibs/3ds/lib\libSDL.a(SDL_sysmutex.o)
                0x000000000010fef0                SDL_CreateMutex
 .text.SDL_DestroyMutex
                0x000000000010ff18        0xc C:/devkitPro/portlibs/3ds/lib\libSDL.a(SDL_sysmutex.o)
                0x000000000010ff18                SDL_DestroyMutex
 .text.SDL_mutexP
                0x000000000010ff24       0x2c C:/devkitPro/portlibs/3ds/lib\libSDL.a(SDL_sysmutex.o)
                0x000000000010ff24                SDL_mutexP
 .text.SDL_mutexV
                0x000000000010ff50       0x2c C:/devkitPro/portlibs/3ds/lib\libSDL.a(SDL_sysmutex.o)
                0x000000000010ff50                SDL_mutexV
 .text.SDL_CreateSemaphore
                0x000000000010ff7c       0x34 C:/devkitPro/portlibs/3ds/lib\libSDL.a(SDL_syssem.o)
                0x000000000010ff7c                SDL_CreateSemaphore
 .text.SDL_DestroySemaphore
                0x000000000010ffb0        0xc C:/devkitPro/portlibs/3ds/lib\libSDL.a(SDL_syssem.o)
                0x000000000010ffb0                SDL_DestroySemaphore
 .text.SDL_SemWait
                0x000000000010ffbc       0x30 C:/devkitPro/portlibs/3ds/lib\libSDL.a(SDL_syssem.o)
                0x000000000010ffbc                SDL_SemWait
 .text.SDL_SemPost
                0x000000000010ffec       0x14 C:/devkitPro/portlibs/3ds/lib\libSDL.a(SDL_syssem.o)
                0x000000000010ffec                SDL_SemPost
 .text.ThreadEntry
                0x0000000000110000        0x4 C:/devkitPro/portlibs/3ds/lib\libSDL.a(SDL_systhread.o)
                0x0000000000110000                ThreadEntry
 .text.SDL_SYS_CreateThread
                0x0000000000110004       0xb0 C:/devkitPro/portlibs/3ds/lib\libSDL.a(SDL_systhread.o)
                0x0000000000110004                SDL_SYS_CreateThread
 .text.SDL_SYS_SetupThread
                0x00000000001100b4        0x4 C:/devkitPro/portlibs/3ds/lib\libSDL.a(SDL_systhread.o)
                0x00000000001100b4                SDL_SYS_SetupThread
 .text.SDL_ThreadID
                0x00000000001100b8       0x38 C:/devkitPro/portlibs/3ds/lib\libSDL.a(SDL_systhread.o)
                0x00000000001100b8                SDL_ThreadID
 .text.SDL_SYS_WaitThread
                0x00000000001100f0       0x10 C:/devkitPro/portlibs/3ds/lib\libSDL.a(SDL_systhread.o)
                0x00000000001100f0                SDL_SYS_WaitThread
 .text.N3DS_Available
                0x0000000000110100        0x8 C:/devkitPro/portlibs/3ds/lib\libSDL.a(SDL_n3dsvideo.o)
 .text.N3DS_ListModes
                0x0000000000110108        0x8 C:/devkitPro/portlibs/3ds/lib\libSDL.a(SDL_n3dsvideo.o)
 .text.N3DS_AllocHWSurface
                0x0000000000110110        0x8 C:/devkitPro/portlibs/3ds/lib\libSDL.a(SDL_n3dsvideo.o)
 .text.N3DS_LockHWSurface
                0x0000000000110118        0x8 C:/devkitPro/portlibs/3ds/lib\libSDL.a(SDL_n3dsvideo.o)
 .text.N3DS_UnlockHWSurface
                0x0000000000110120        0x4 C:/devkitPro/portlibs/3ds/lib\libSDL.a(SDL_n3dsvideo.o)
 .text.N3DS_SetColors
                0x0000000000110124       0x60 C:/devkitPro/portlibs/3ds/lib\libSDL.a(SDL_n3dsvideo.o)
 .text.N3DS_CreateDevice
                0x0000000000110184      0x110 C:/devkitPro/portlibs/3ds/lib\libSDL.a(SDL_n3dsvideo.o)
 .text.N3DS_DeleteDevice
                0x0000000000110294       0x24 C:/devkitPro/portlibs/3ds/lib\libSDL.a(SDL_n3dsvideo.o)
 .text.N3DS_VideoInit
                0x00000000001102b8       0x48 C:/devkitPro/portlibs/3ds/lib\libSDL.a(SDL_n3dsvideo.o)
 .text.N3DS_FlipHWSurface.part.0
                0x0000000000110300      0x168 C:/devkitPro/portlibs/3ds/lib\libSDL.a(SDL_n3dsvideo.o)
 .text.N3DS_FlipHWSurface
                0x0000000000110468       0x24 C:/devkitPro/portlibs/3ds/lib\libSDL.a(SDL_n3dsvideo.o)
 .text.N3DS_UpdateRects
                0x000000000011048c       0x20 C:/devkitPro/portlibs/3ds/lib\libSDL.a(SDL_n3dsvideo.o)
 .text.N3DS_FreeHWSurface
                0x00000000001104ac        0x4 C:/devkitPro/portlibs/3ds/lib\libSDL.a(SDL_n3dsvideo.o)
 .text.N3DS_VideoQuit
                0x00000000001104b0       0xec C:/devkitPro/portlibs/3ds/lib\libSDL.a(SDL_n3dsvideo.o)
 .text.N3DS_SetScaling
                0x000000000011059c       0xac C:/devkitPro/portlibs/3ds/lib\libSDL.a(SDL_n3dsvideo.o)
                0x000000000011059c                N3DS_SetScaling
 .text.N3DS_SetVideoMode
                0x0000000000110648      0x878 C:/devkitPro/portlibs/3ds/lib\libSDL.a(SDL_n3dsvideo.o)
 .text.N3DS_ToggleFullScreen
                0x0000000000110ec0       0x3c C:/devkitPro/portlibs/3ds/lib\libSDL.a(SDL_n3dsvideo.o)
                0x0000000000110ec0                N3DS_ToggleFullScreen
 .text.drawTexture
                0x0000000000110efc      0x114 C:/devkitPro/portlibs/3ds/lib\libSDL.a(SDL_n3dsvideo.o)
                0x0000000000110efc                drawTexture
 .text.videoThread
                0x0000000000111010      0x2dc C:/devkitPro/portlibs/3ds/lib\libSDL.a(SDL_n3dsvideo.o)
 .text.SDL_AppActiveInit
                0x00000000001112ec       0x18 C:/devkitPro/portlibs/3ds/lib\libSDL.a(SDL_active.o)
                0x00000000001112ec                SDL_AppActiveInit
 .text.SDL_AppActiveQuit
                0x0000000000111304        0x4 C:/devkitPro/portlibs/3ds/lib\libSDL.a(SDL_active.o)
                0x0000000000111304                SDL_AppActiveQuit
 .text.SDL_PrivateResize
                0x0000000000111308       0xec C:/devkitPro/portlibs/3ds/lib\libSDL.a(SDL_resize.o)
                0x0000000000111308                SDL_PrivateResize
 .text.SDL_revcpy
                0x00000000001113f4       0x2c C:/devkitPro/portlibs/3ds/lib\libSDL.a(SDL_string.o)
                0x00000000001113f4                SDL_revcpy
 .text.SDL_memcmp
                0x0000000000111420       0x44 C:/devkitPro/portlibs/3ds/lib\libSDL.a(SDL_string.o)
                0x0000000000111420                SDL_memcmp
 .text.copy_opaque_16
                0x0000000000111464      0x100 C:/devkitPro/portlibs/3ds/lib\libSDL.a(SDL_RLEaccel.o)
 .text.uncopy_opaque_16
                0x0000000000111564      0x120 C:/devkitPro/portlibs/3ds/lib\libSDL.a(SDL_RLEaccel.o)
 .text.copy_transl_565
                0x0000000000111684       0xfc C:/devkitPro/portlibs/3ds/lib\libSDL.a(SDL_RLEaccel.o)
 .text.copy_transl_555
                0x0000000000111780       0xfc C:/devkitPro/portlibs/3ds/lib\libSDL.a(SDL_RLEaccel.o)
 .text.uncopy_transl_16
                0x000000000011187c      0x124 C:/devkitPro/portlibs/3ds/lib\libSDL.a(SDL_RLEaccel.o)
 .text.copy_32  0x00000000001119a0       0xdc C:/devkitPro/portlibs/3ds/lib\libSDL.a(SDL_RLEaccel.o)
 .text.uncopy_32
                0x0000000000111a7c      0x110 C:/devkitPro/portlibs/3ds/lib\libSDL.a(SDL_RLEaccel.o)
 .text.getpix_8
                0x0000000000111b8c        0x8 C:/devkitPro/portlibs/3ds/lib\libSDL.a(SDL_RLEaccel.o)
 .text.getpix_16
                0x0000000000111b94        0x8 C:/devkitPro/portlibs/3ds/lib\libSDL.a(SDL_RLEaccel.o)
 .text.getpix_24
                0x0000000000111b9c       0x18 C:/devkitPro/portlibs/3ds/lib\libSDL.a(SDL_RLEaccel.o)
 .text.getpix_32
                0x0000000000111bb4        0x8 C:/devkitPro/portlibs/3ds/lib\libSDL.a(SDL_RLEaccel.o)
 .text.SDL_RLEBlit
                0x0000000000111bbc     0x23ec C:/devkitPro/portlibs/3ds/lib\libSDL.a(SDL_RLEaccel.o)
                0x0000000000111bbc                SDL_RLEBlit
 .text.SDL_RLEAlphaBlit
                0x0000000000113fa8      0x988 C:/devkitPro/portlibs/3ds/lib\libSDL.a(SDL_RLEaccel.o)
                0x0000000000113fa8                SDL_RLEAlphaBlit
 .text.SDL_UnRLESurface
                0x0000000000114930      0x244 C:/devkitPro/portlibs/3ds/lib\libSDL.a(SDL_RLEaccel.o)
                0x0000000000114930                SDL_UnRLESurface
 .text.SDL_RLESurface
                0x0000000000114b74      0xd80 C:/devkitPro/portlibs/3ds/lib\libSDL.a(SDL_RLEaccel.o)
                0x0000000000114b74                SDL_RLESurface
 .text.SDL_SoftBlit
                0x00000000001158f4      0x1c4 C:/devkitPro/portlibs/3ds/lib\libSDL.a(SDL_blit.o)
 .text.SDL_BlitCopyOverlap
                0x0000000000115ab8       0xa8 C:/devkitPro/portlibs/3ds/lib\libSDL.a(SDL_blit.o)
 .text.SDL_BlitCopy
                0x0000000000115b60       0x64 C:/devkitPro/portlibs/3ds/lib\libSDL.a(SDL_blit.o)
 .text.SDL_CalculateBlit
                0x0000000000115bc4      0x338 C:/devkitPro/portlibs/3ds/lib\libSDL.a(SDL_blit.o)
                0x0000000000115bc4                SDL_CalculateBlit
 .text.BlitBto1
                0x0000000000115efc      0x104 C:/devkitPro/portlibs/3ds/lib\libSDL.a(SDL_blit_0.o)
 .text.BlitBto2
                0x0000000000116000       0xa8 C:/devkitPro/portlibs/3ds/lib\libSDL.a(SDL_blit_0.o)
 .text.BlitBto3
                0x00000000001160a8       0xb0 C:/devkitPro/portlibs/3ds/lib\libSDL.a(SDL_blit_0.o)
 .text.BlitBto4
                0x0000000000116158       0xb4 C:/devkitPro/portlibs/3ds/lib\libSDL.a(SDL_blit_0.o)
 .text.BlitBto1Key
                0x000000000011620c      0x110 C:/devkitPro/portlibs/3ds/lib\libSDL.a(SDL_blit_0.o)
 .text.BlitBto2Key
                0x000000000011631c       0xb8 C:/devkitPro/portlibs/3ds/lib\libSDL.a(SDL_blit_0.o)
 .text.BlitBto4Key
                0x00000000001163d4       0xbc C:/devkitPro/portlibs/3ds/lib\libSDL.a(SDL_blit_0.o)
 .text.BlitBtoNAlpha
                0x0000000000116490      0x274 C:/devkitPro/portlibs/3ds/lib\libSDL.a(SDL_blit_0.o)
 .text.BlitBtoNAlphaKey
                0x0000000000116704      0x288 C:/devkitPro/portlibs/3ds/lib\libSDL.a(SDL_blit_0.o)
 .text.BlitBto3Key
                0x000000000011698c       0xbc C:/devkitPro/portlibs/3ds/lib\libSDL.a(SDL_blit_0.o)
 .text.SDL_CalculateBlit0
                0x0000000000116a48       0x9c C:/devkitPro/portlibs/3ds/lib\libSDL.a(SDL_blit_0.o)
                0x0000000000116a48                SDL_CalculateBlit0
 .text.Blit1to1
                0x0000000000116ae4      0x100 C:/devkitPro/portlibs/3ds/lib\libSDL.a(SDL_blit_1.o)
 .text.Blit1to2
                0x0000000000116be4      0x128 C:/devkitPro/portlibs/3ds/lib\libSDL.a(SDL_blit_1.o)
 .text.Blit1to3
                0x0000000000116d0c      0x1b4 C:/devkitPro/portlibs/3ds/lib\libSDL.a(SDL_blit_1.o)
 .text.Blit1to4
                0x0000000000116ec0      0x114 C:/devkitPro/portlibs/3ds/lib\libSDL.a(SDL_blit_1.o)
 .text.Blit1to1Key
                0x0000000000116fd4      0x274 C:/devkitPro/portlibs/3ds/lib\libSDL.a(SDL_blit_1.o)
 .text.Blit1to2Key
                0x0000000000117248      0x188 C:/devkitPro/portlibs/3ds/lib\libSDL.a(SDL_blit_1.o)
 .text.Blit1to3Key
                0x00000000001173d0      0x21c C:/devkitPro/portlibs/3ds/lib\libSDL.a(SDL_blit_1.o)
 .text.Blit1to4Key
                0x00000000001175ec      0x170 C:/devkitPro/portlibs/3ds/lib\libSDL.a(SDL_blit_1.o)
 .text.Blit1toNAlpha
                0x000000000011775c      0x8dc C:/devkitPro/portlibs/3ds/lib\libSDL.a(SDL_blit_1.o)
 .text.Blit1toNAlphaKey
                0x0000000000118038      0xc54 C:/devkitPro/portlibs/3ds/lib\libSDL.a(SDL_blit_1.o)
 .text.SDL_CalculateBlit1
                0x0000000000118c8c       0x88 C:/devkitPro/portlibs/3ds/lib\libSDL.a(SDL_blit_1.o)
                0x0000000000118c8c                SDL_CalculateBlit1
 .text.Blit_RGB888_index8
                0x0000000000118d14      0x3a4 C:/devkitPro/portlibs/3ds/lib\libSDL.a(SDL_blit_N.o)
 .text.Blit_RGB888_RGB555
                0x00000000001190b8      0x1d0 C:/devkitPro/portlibs/3ds/lib\libSDL.a(SDL_blit_N.o)
 .text.Blit_RGB888_RGB565
                0x0000000000119288      0x1b8 C:/devkitPro/portlibs/3ds/lib\libSDL.a(SDL_blit_N.o)
 .text.Blit_RGB565_32
                0x0000000000119440      0x1ac C:/devkitPro/portlibs/3ds/lib\libSDL.a(SDL_blit_N.o)
 .text.Blit_RGB565_ARGB8888
                0x00000000001195ec        0xc C:/devkitPro/portlibs/3ds/lib\libSDL.a(SDL_blit_N.o)
 .text.Blit_RGB565_ABGR8888
                0x00000000001195f8        0xc C:/devkitPro/portlibs/3ds/lib\libSDL.a(SDL_blit_N.o)
 .text.Blit_RGB565_RGBA8888
                0x0000000000119604        0xc C:/devkitPro/portlibs/3ds/lib\libSDL.a(SDL_blit_N.o)
 .text.Blit_RGB565_BGRA8888
                0x0000000000119610        0xc C:/devkitPro/portlibs/3ds/lib\libSDL.a(SDL_blit_N.o)
 .text.Blit_RGB888_index8_map
                0x000000000011961c      0x208 C:/devkitPro/portlibs/3ds/lib\libSDL.a(SDL_blit_N.o)
 .text.BlitNto1
                0x0000000000119824      0xb00 C:/devkitPro/portlibs/3ds/lib\libSDL.a(SDL_blit_N.o)
 .text.Blit4to4MaskAlpha
                0x000000000011a324      0x1f4 C:/devkitPro/portlibs/3ds/lib\libSDL.a(SDL_blit_N.o)
 .text.BlitNtoN
                0x000000000011a518      0xe00 C:/devkitPro/portlibs/3ds/lib\libSDL.a(SDL_blit_N.o)
 .text.BlitNtoNCopyAlpha
                0x000000000011b318      0x22c C:/devkitPro/portlibs/3ds/lib\libSDL.a(SDL_blit_N.o)
 .text.BlitNto1Key
                0x000000000011b544     0x10b8 C:/devkitPro/portlibs/3ds/lib\libSDL.a(SDL_blit_N.o)
 .text.Blit2to2Key
                0x000000000011c5fc      0x17c C:/devkitPro/portlibs/3ds/lib\libSDL.a(SDL_blit_N.o)
 .text.BlitNtoNKey
                0x000000000011c778      0xcc8 C:/devkitPro/portlibs/3ds/lib\libSDL.a(SDL_blit_N.o)
 .text.BlitNtoNKeyCopyAlpha
                0x000000000011d440     0x1130 C:/devkitPro/portlibs/3ds/lib\libSDL.a(SDL_blit_N.o)
 .text.SDL_CalculateBlitN
                0x000000000011e570      0x29c C:/devkitPro/portlibs/3ds/lib\libSDL.a(SDL_blit_N.o)
                0x000000000011e570                SDL_CalculateBlitN
 .text.N3DS_PumpEvents
                0x000000000011e80c      0x18c C:/devkitPro/portlibs/3ds/lib\libSDL.a(SDL_n3dsevents.o)
                0x000000000011e80c                N3DS_PumpEvents
 .text.N3DS_InitOSKeymap
                0x000000000011e998        0x4 C:/devkitPro/portlibs/3ds/lib\libSDL.a(SDL_n3dsevents.o)
                0x000000000011e998                N3DS_InitOSKeymap
 .text.SDL_HasMMX
                0x000000000011e99c       0x4c C:/devkitPro/portlibs/3ds/lib\libSDL.a(SDL_cpuinfo.o)
                0x000000000011e99c                SDL_HasMMX
 .text.BlitNto1SurfaceAlpha
                0x000000000011e9e8      0x4e4 C:/devkitPro/portlibs/3ds/lib\libSDL.a(SDL_blit_A.o)
 .text.BlitNto1PixelAlpha
                0x000000000011eecc      0x53c C:/devkitPro/portlibs/3ds/lib\libSDL.a(SDL_blit_A.o)
 .text.BlitNto1SurfaceAlphaKey
                0x000000000011f408      0xc68 C:/devkitPro/portlibs/3ds/lib\libSDL.a(SDL_blit_A.o)
 .text.BlitRGBtoRGBSurfaceAlpha
                0x0000000000120070      0x380 C:/devkitPro/portlibs/3ds/lib\libSDL.a(SDL_blit_A.o)
 .text.BlitRGBtoRGBPixelAlpha
                0x00000000001203f0      0x254 C:/devkitPro/portlibs/3ds/lib\libSDL.a(SDL_blit_A.o)
 .text.Blit16to16SurfaceAlpha128
                0x0000000000120644      0x278 C:/devkitPro/portlibs/3ds/lib\libSDL.a(SDL_blit_A.o)
 .text.Blit565to565SurfaceAlpha
                0x00000000001208bc      0x1ac C:/devkitPro/portlibs/3ds/lib\libSDL.a(SDL_blit_A.o)
 .text.Blit555to555SurfaceAlpha
                0x0000000000120a68      0x1ac C:/devkitPro/portlibs/3ds/lib\libSDL.a(SDL_blit_A.o)
 .text.BlitARGBto565PixelAlpha
                0x0000000000120c14      0x2a0 C:/devkitPro/portlibs/3ds/lib\libSDL.a(SDL_blit_A.o)
 .text.BlitARGBto555PixelAlpha
                0x0000000000120eb4      0x298 C:/devkitPro/portlibs/3ds/lib\libSDL.a(SDL_blit_A.o)
 .text.BlitNtoNSurfaceAlpha
                0x000000000012114c      0xc78 C:/devkitPro/portlibs/3ds/lib\libSDL.a(SDL_blit_A.o)
 .text.BlitNtoNSurfaceAlphaKey
                0x0000000000121dc4      0x9a8 C:/devkitPro/portlibs/3ds/lib\libSDL.a(SDL_blit_A.o)
 .text.BlitNtoNPixelAlpha
                0x000000000012276c      0xc0c C:/devkitPro/portlibs/3ds/lib\libSDL.a(SDL_blit_A.o)
 .text.SDL_CalculateAlphaBlit
                0x0000000000123378      0x220 C:/devkitPro/portlibs/3ds/lib\libSDL.a(SDL_blit_A.o)
                0x0000000000123378                SDL_CalculateAlphaBlit
 .text.C3Di_LightEnvUpdate
                0x0000000000123598        0x4 C:/devkitPro/libctru/lib\libcitro3d.a(base.o)
                0x0000000000123598                C3Di_LightEnvUpdate
 .text.C3Di_LightEnvDirty
                0x000000000012359c        0x4 C:/devkitPro/libctru/lib\libcitro3d.a(base.o)
                0x000000000012359c                C3Di_LightEnvDirty
 .text.C3Di_ProcTexUpdate
                0x00000000001235a0        0x4 C:/devkitPro/libctru/lib\libcitro3d.a(base.o)
                0x00000000001235a0                C3Di_ProcTexUpdate
 .text.C3Di_ProcTexDirty
                0x00000000001235a4        0x4 C:/devkitPro/libctru/lib\libcitro3d.a(base.o)
                0x00000000001235a4                C3Di_ProcTexDirty
 .text.C3Di_AptEventHook
                0x00000000001235a8       0xb4 C:/devkitPro/libctru/lib\libcitro3d.a(base.o)
 .text.C3Di_GasUpdate
                0x000000000012365c        0x4 C:/devkitPro/libctru/lib\libcitro3d.a(base.o)
                0x000000000012365c                C3Di_GasUpdate
 .text.C3D_Init
                0x0000000000123660      0x1e0 C:/devkitPro/libctru/lib\libcitro3d.a(base.o)
                0x0000000000123660                C3D_Init
 .text.C3D_SetViewport
                0x0000000000123840       0x98 C:/devkitPro/libctru/lib\libcitro3d.a(base.o)
                0x0000000000123840                C3D_SetViewport
 .text.C3Di_UpdateContext
                0x00000000001238d8      0x4e8 C:/devkitPro/libctru/lib\libcitro3d.a(base.o)
                0x00000000001238d8                C3Di_UpdateContext
 .text.C3Di_SplitFrame
                0x0000000000123dc0       0xe0 C:/devkitPro/libctru/lib\libcitro3d.a(base.o)
                0x0000000000123dc0                C3Di_SplitFrame
 .text.C3D_Fini
                0x0000000000123ea0       0x44 C:/devkitPro/libctru/lib\libcitro3d.a(base.o)
                0x0000000000123ea0                C3D_Fini
 .text.C3D_BindProgram
                0x0000000000123ee4      0x114 C:/devkitPro/libctru/lib\libcitro3d.a(base.o)
                0x0000000000123ee4                C3D_BindProgram
 .text.onVBlank0
                0x0000000000123ff8       0x4c C:/devkitPro/libctru/lib\libcitro3d.a(renderqueue.o)
 .text.onVBlank1
                0x0000000000124044       0x4c C:/devkitPro/libctru/lib\libcitro3d.a(renderqueue.o)
 .text.C3Di_RenderTargetDestroy
                0x0000000000124090       0x80 C:/devkitPro/libctru/lib\libcitro3d.a(renderqueue.o)
 .text.onQueueFinish
                0x0000000000124110       0xf4 C:/devkitPro/libctru/lib\libcitro3d.a(renderqueue.o)
 .text.C3Di_RenderQueueEnableVBlank
                0x0000000000124204       0x38 C:/devkitPro/libctru/lib\libcitro3d.a(renderqueue.o)
                0x0000000000124204                C3Di_RenderQueueEnableVBlank
 .text.C3Di_RenderQueueDisableVBlank
                0x000000000012423c       0x30 C:/devkitPro/libctru/lib\libcitro3d.a(renderqueue.o)
                0x000000000012423c                C3Di_RenderQueueDisableVBlank
 .text.C3Di_RenderQueueInit
                0x000000000012426c       0x60 C:/devkitPro/libctru/lib\libcitro3d.a(renderqueue.o)
                0x000000000012426c                C3Di_RenderQueueInit
 .text.C3Di_RenderQueueExit
                0x00000000001242cc       0xb0 C:/devkitPro/libctru/lib\libcitro3d.a(renderqueue.o)
                0x00000000001242cc                C3Di_RenderQueueExit
 .text.C3Di_RenderQueueWaitDone
                0x000000000012437c       0x34 C:/devkitPro/libctru/lib\libcitro3d.a(renderqueue.o)
                0x000000000012437c                C3Di_RenderQueueWaitDone
 .text.C3D_FrameBegin
                0x00000000001243b0       0xe4 C:/devkitPro/libctru/lib\libcitro3d.a(renderqueue.o)
                0x00000000001243b0                C3D_FrameBegin
 .text.C3D_FrameDrawOn
                0x0000000000124494       0x48 C:/devkitPro/libctru/lib\libcitro3d.a(renderqueue.o)
                0x0000000000124494                C3D_FrameDrawOn
 .text.C3D_FrameEnd
                0x00000000001244dc      0x1d8 C:/devkitPro/libctru/lib\libcitro3d.a(renderqueue.o)
                0x00000000001244dc                C3D_FrameEnd
 .text.C3D_RenderTargetCreate
                0x00000000001246b4      0x184 C:/devkitPro/libctru/lib\libcitro3d.a(renderqueue.o)
                0x00000000001246b4                C3D_RenderTargetCreate
 .text.C3D_RenderTargetDelete
                0x0000000000124838       0xf0 C:/devkitPro/libctru/lib\libcitro3d.a(renderqueue.o)
                0x0000000000124838                C3D_RenderTargetDelete
 .text.C3D_RenderTargetSetOutput
                0x0000000000124928       0xa8 C:/devkitPro/libctru/lib\libcitro3d.a(renderqueue.o)
                0x0000000000124928                C3D_RenderTargetSetOutput
 .text.C3D_SyncDisplayTransfer
                0x00000000001249d0       0xf0 C:/devkitPro/libctru/lib\libcitro3d.a(renderqueue.o)
                0x00000000001249d0                C3D_SyncDisplayTransfer
 .text.C3D_TexInitWithParams
                0x0000000000124ac0      0x294 C:/devkitPro/libctru/lib\libcitro3d.a(texture.o)
                0x0000000000124ac0                C3D_TexInitWithParams
 .text.C3D_TexBind
                0x0000000000124d54       0x44 C:/devkitPro/libctru/lib\libcitro3d.a(texture.o)
                0x0000000000124d54                C3D_TexBind
 .text.C3D_TexDelete
                0x0000000000124d98       0x74 C:/devkitPro/libctru/lib\libcitro3d.a(texture.o)
                0x0000000000124d98                C3D_TexDelete
 .text.C3Di_SetTex
                0x0000000000124e0c      0x16c C:/devkitPro/libctru/lib\libcitro3d.a(texture.o)
                0x0000000000124e0c                C3Di_SetTex
 .text.C3D_CalcColorBufSize
                0x0000000000124f78       0x1c C:/devkitPro/libctru/lib\libcitro3d.a(framebuffer.o)
                0x0000000000124f78                C3D_CalcColorBufSize
 .text.C3D_CalcDepthBufSize
                0x0000000000124f94       0x1c C:/devkitPro/libctru/lib\libcitro3d.a(framebuffer.o)
                0x0000000000124f94                C3D_CalcDepthBufSize
 .text.C3D_SetFrameBuf
                0x0000000000124fb0       0x44 C:/devkitPro/libctru/lib\libcitro3d.a(framebuffer.o)
                0x0000000000124fb0                C3D_SetFrameBuf
 .text.C3Di_FrameBufBind
                0x0000000000124ff4      0x16c C:/devkitPro/libctru/lib\libcitro3d.a(framebuffer.o)
                0x0000000000124ff4                C3Di_FrameBufBind
 .text.C3D_FrameBufClear
                0x0000000000125160       0xc8 C:/devkitPro/libctru/lib\libcitro3d.a(framebuffer.o)
                0x0000000000125160                C3D_FrameBufClear
 .text.C3D_FrameBufTransfer
                0x0000000000125228       0x44 C:/devkitPro/libctru/lib\libcitro3d.a(framebuffer.o)
                0x0000000000125228                C3D_FrameBufTransfer
 .text.C3D_GetTexEnv
                0x000000000012526c       0x34 C:/devkitPro/libctru/lib\libcitro3d.a(texenv.o)
                0x000000000012526c                C3D_GetTexEnv
 .text.C3Di_TexEnvBind
                0x00000000001252a0       0x24 C:/devkitPro/libctru/lib\libcitro3d.a(texenv.o)
                0x00000000001252a0                C3Di_TexEnvBind
 .text.BufInfo_Init
                0x00000000001252c4       0x24 C:/devkitPro/libctru/lib\libcitro3d.a(buffers.o)
                0x00000000001252c4                BufInfo_Init
 .text.C3D_GetBufInfo
                0x00000000001252e8       0x20 C:/devkitPro/libctru/lib\libcitro3d.a(buffers.o)
                0x00000000001252e8                C3D_GetBufInfo
 .text.C3Di_BufInfoBind
                0x0000000000125308       0x48 C:/devkitPro/libctru/lib\libcitro3d.a(buffers.o)
                0x0000000000125308                C3Di_BufInfoBind
 .text.C3D_DepthMap
                0x0000000000125350       0x40 C:/devkitPro/libctru/lib\libcitro3d.a(effect.o)
                0x0000000000125350                C3D_DepthMap
 .text.C3D_CullFace
                0x0000000000125390       0x1c C:/devkitPro/libctru/lib\libcitro3d.a(effect.o)
                0x0000000000125390                C3D_CullFace
 .text.C3D_StencilTest
                0x00000000001253ac       0x40 C:/devkitPro/libctru/lib\libcitro3d.a(effect.o)
                0x00000000001253ac                C3D_StencilTest
 .text.C3D_StencilOp
                0x00000000001253ec       0x24 C:/devkitPro/libctru/lib\libcitro3d.a(effect.o)
                0x00000000001253ec                C3D_StencilOp
 .text.C3D_BlendingColor
                0x0000000000125410       0x1c C:/devkitPro/libctru/lib\libcitro3d.a(effect.o)
                0x0000000000125410                C3D_BlendingColor
 .text.C3D_EarlyDepthTest
                0x000000000012542c       0x24 C:/devkitPro/libctru/lib\libcitro3d.a(effect.o)
                0x000000000012542c                C3D_EarlyDepthTest
 .text.C3D_DepthTest
                0x0000000000125450       0x2c C:/devkitPro/libctru/lib\libcitro3d.a(effect.o)
                0x0000000000125450                C3D_DepthTest
 .text.C3D_AlphaTest
                0x000000000012547c       0x2c C:/devkitPro/libctru/lib\libcitro3d.a(effect.o)
                0x000000000012547c                C3D_AlphaTest
 .text.C3D_AlphaBlend
                0x00000000001254a8       0x50 C:/devkitPro/libctru/lib\libcitro3d.a(effect.o)
                0x00000000001254a8                C3D_AlphaBlend
 .text.C3D_FragOpMode
                0x00000000001254f8       0x30 C:/devkitPro/libctru/lib\libcitro3d.a(effect.o)
                0x00000000001254f8                C3D_FragOpMode
 .text.C3D_FragOpShadow
                0x0000000000125528       0x44 C:/devkitPro/libctru/lib\libcitro3d.a(effect.o)
                0x0000000000125528                C3D_FragOpShadow
 .text.C3Di_EffectBind
                0x000000000012556c      0x1ac C:/devkitPro/libctru/lib\libcitro3d.a(effect.o)
                0x000000000012556c                C3Di_EffectBind
 .text.AttrInfo_Init
                0x0000000000125718       0x28 C:/devkitPro/libctru/lib\libcitro3d.a(attribs.o)
                0x0000000000125718                AttrInfo_Init
 .text.AttrInfo_AddLoader
                0x0000000000125740       0x94 C:/devkitPro/libctru/lib\libcitro3d.a(attribs.o)
                0x0000000000125740                AttrInfo_AddLoader
 .text.C3D_GetAttrInfo
                0x00000000001257d4       0x20 C:/devkitPro/libctru/lib\libcitro3d.a(attribs.o)
                0x00000000001257d4                C3D_GetAttrInfo
 .text.C3Di_AttrInfoBind
                0x00000000001257f4       0x80 C:/devkitPro/libctru/lib\libcitro3d.a(attribs.o)
                0x00000000001257f4                C3Di_AttrInfoBind
 .text.C3D_ImmDrawBegin
                0x0000000000125874       0xb8 C:/devkitPro/libctru/lib\libcitro3d.a(immediate.o)
                0x0000000000125874                C3D_ImmDrawBegin
 .text.C3D_ImmSendAttrib
                0x000000000012592c       0xa8 C:/devkitPro/libctru/lib\libcitro3d.a(immediate.o)
                0x000000000012592c                C3D_ImmSendAttrib
 .text.C3D_ImmDrawEnd
                0x00000000001259d4       0x70 C:/devkitPro/libctru/lib\libcitro3d.a(immediate.o)
                0x00000000001259d4                C3D_ImmDrawEnd
 .text.C3D_UpdateUniforms
                0x0000000000125a44      0x280 C:/devkitPro/libctru/lib\libcitro3d.a(uniforms.o)
                0x0000000000125a44                C3D_UpdateUniforms
 .text.C3Di_DirtyUniforms
                0x0000000000125cc4       0xc0 C:/devkitPro/libctru/lib\libcitro3d.a(uniforms.o)
                0x0000000000125cc4                C3Di_DirtyUniforms
 .text.C3Di_LoadShaderUniforms
                0x0000000000125d84       0xd8 C:/devkitPro/libctru/lib\libcitro3d.a(uniforms.o)
                0x0000000000125d84                C3Di_LoadShaderUniforms
 .text.C3Di_ClearShaderUniforms
                0x0000000000125e5c       0x28 C:/devkitPro/libctru/lib\libcitro3d.a(uniforms.o)
                0x0000000000125e5c                C3Di_ClearShaderUniforms
 .text.Mtx_OrthoTilt
                0x0000000000125e84       0xcc C:/devkitPro/libctru/lib\libcitro3d.a(mtx_orthotilt.o)
                0x0000000000125e84                Mtx_OrthoTilt
 .text._ZL21addrMapNodeComparatorPK11rbtree_nodeS1_
                0x0000000000125f50       0x24 C:/devkitPro/libctru/lib\libctru.a(vram.o)
 .text._ZL21addrMapNodeDestructorP11rbtree_node
                0x0000000000125f74        0x4 C:/devkitPro/libctru/lib\libctru.a(vram.o)
 .text.vramMemAlignAt
                0x0000000000125f78      0x250 C:/devkitPro/libctru/lib\libctru.a(vram.o)
                0x0000000000125f78                vramMemAlignAt
 .text.vramAlloc
                0x00000000001261c8        0xc C:/devkitPro/libctru/lib\libctru.a(vram.o)
                0x00000000001261c8                vramAlloc
 .text.vramAllocAt
                0x00000000001261d4        0xc C:/devkitPro/libctru/lib\libctru.a(vram.o)
                0x00000000001261d4                vramAllocAt
 .text.vramFree
                0x00000000001261e0       0x90 C:/devkitPro/libctru/lib\libctru.a(vram.o)
                0x00000000001261e0                vramFree
 .text._ZL21addrMapNodeComparatorPK11rbtree_nodeS1_
                0x0000000000126270       0x24 C:/devkitPro/libctru/lib\libctru.a(linear.o)
 .text._ZL21addrMapNodeDestructorP11rbtree_node
                0x0000000000126294        0x4 C:/devkitPro/libctru/lib\libctru.a(linear.o)
 .text.linearMemAlign
                0x0000000000126298      0x120 C:/devkitPro/libctru/lib\libctru.a(linear.o)
                0x0000000000126298                linearMemAlign
 .text.linearAlloc
                0x00000000001263b8        0x8 C:/devkitPro/libctru/lib\libctru.a(linear.o)
                0x00000000001263b8                linearAlloc
 .text.linearFree
                0x00000000001263c0       0x5c C:/devkitPro/libctru/lib\libctru.a(linear.o)
                0x00000000001263c0                linearFree
 .text._ZN7MemPool13CoalesceRightEP8MemBlock
                0x000000000012641c       0x80 C:/devkitPro/libctru/lib\libctru.a(mem_pool.o)
                0x000000000012641c                MemPool::CoalesceRight(MemBlock*)
 .text._ZN7MemPool8AllocateER8MemChunkmi
                0x000000000012649c      0x16c C:/devkitPro/libctru/lib\libctru.a(mem_pool.o)
                0x000000000012649c                MemPool::Allocate(MemChunk&, unsigned long, int)
 .text._ZN7MemPool10DeallocateERK8MemChunk
                0x0000000000126608       0xfc C:/devkitPro/libctru/lib\libctru.a(mem_pool.o)
                0x0000000000126608                MemPool::Deallocate(MemChunk const&)
 .text._ZN7MemPool12GetFreeSpaceEv
                0x0000000000126704       0x30 C:/devkitPro/libctru/lib\libctru.a(mem_pool.o)
                0x0000000000126704                MemPool::GetFreeSpace()
 .text.parseColor
                0x0000000000126734      0x1e8 C:/devkitPro/libctru/lib\libctru.a(console.o)
 .text.consoleDrawChar
                0x000000000012691c      0x1ac C:/devkitPro/libctru/lib\libctru.a(console.o)
                0x000000000012691c                consoleDrawChar
 .text.consolePrintChar
                0x0000000000126ac8      0x124 C:/devkitPro/libctru/lib\libctru.a(console.o)
                0x0000000000126ac8                consolePrintChar
 .text.con_write
                0x0000000000126bec      0xb94 C:/devkitPro/libctru/lib\libctru.a(console.o)
                0x0000000000126bec                con_write
 .text.newRow   0x0000000000127780       0xfc C:/devkitPro/libctru/lib\libctru.a(console.o)
 .text.consoleInit
                0x000000000012787c      0x168 C:/devkitPro/libctru/lib\libctru.a(console.o)
                0x000000000012787c                consoleInit
 .text.gfxPresentFramebuffer
                0x00000000001279e4       0xd0 C:/devkitPro/libctru/lib\libctru.a(gfx.o)
 .text.gfxSet3D
                0x0000000000127ab4       0x10 C:/devkitPro/libctru/lib\libctru.a(gfx.o)
                0x0000000000127ab4                gfxSet3D
 .text.gfxIsWide
                0x0000000000127ac4       0x1c C:/devkitPro/libctru/lib\libctru.a(gfx.o)
                0x0000000000127ac4                gfxIsWide
 .text.gfxSetScreenFormat
                0x0000000000127ae0       0xec C:/devkitPro/libctru/lib\libctru.a(gfx.o)